14:51:04 **** Incremental Build of configuration Debug for project Nixie_firmware ****
make all 
Building file: ../Drivers/STM32F4xx_HAL_Driver/Src/stm32f4xx_hal.c
Invoking: MCU GCC Compiler
/home/alxhoff/git/Embedded/stm32_nixie_clock_firmware/Nixie_firmware/Debug
arm-none-eabi-gcc -mcpu=cortex-m4 -mthumb -mfloat-abi=hard -mfpu=fpv4-sp-d16 -D_TIMEVAL_DEFINED -D_SYS_TIME_H_ '-D__weak=__attribute__((weak))' '-D__packed="__attribute__((__packed__))"' -DUSE_HAL_DRIVER -DSTM32F429xx -DSTM32F4xx -I"/home/alxhoff/git/Embedded/stm32_nixie_clock_firmware/Nixie_firmware/Inc" -I"/home/alxhoff/git/Embedded/stm32_nixie_clock_firmware/Nixie_firmware/Middlewares/Third_Party/LwIP/src/include" -I"/home/alxhoff/git/Embedded/stm32_nixie_clock_firmware/Nixie_firmware/Middlewares/Third_Party/LwIP/system" -I"/home/alxhoff/git/Embedded/stm32_nixie_clock_firmware/Nixie_firmware/Drivers/STM32F4xx_HAL_Driver/Inc" -I"/home/alxhoff/git/Embedded/stm32_nixie_clock_firmware/Nixie_firmware/Drivers/STM32F4xx_HAL_Driver/Inc/Legacy" -I"/home/alxhoff/git/Embedded/stm32_nixie_clock_firmware/Nixie_firmware/Middlewares/Third_Party/FreeRTOS/Source/portable/GCC/ARM_CM4F" -I"/home/alxhoff/git/Embedded/stm32_nixie_clock_firmware/Nixie_firmware/Drivers/CMSIS/Device/ST/STM32F4xx/Include" -I"/home/alxhoff/git/Embedded/stm32_nixie_clock_firmware/Nixie_firmware/Middlewares/Third_Party/FreeRTOS/Source/include" -I"/home/alxhoff/git/Embedded/stm32_nixie_clock_firmware/Nixie_firmware/Middlewares/Third_Party/FreeRTOS/Source/CMSIS_RTOS" -I"/home/alxhoff/git/Embedded/stm32_nixie_clock_firmware/Nixie_firmware/Middlewares/Third_Party/LwIP/src/include/lwip" -I"/home/alxhoff/git/Embedded/stm32_nixie_clock_firmware/Nixie_firmware/Middlewares/Third_Party/LwIP/src/include/lwip/apps" -I"/home/alxhoff/git/Embedded/stm32_nixie_clock_firmware/Nixie_firmware/Middlewares/Third_Party/LwIP/src/include/lwip/priv" -I"/home/alxhoff/git/Embedded/stm32_nixie_clock_firmware/Nixie_firmware/Middlewares/Third_Party/LwIP/src/include/lwip/prot" -I"/home/alxhoff/git/Embedded/stm32_nixie_clock_firmware/Nixie_firmware/Middlewares/Third_Party/LwIP/src/include/netif" -I"/home/alxhoff/git/Embedded/stm32_nixie_clock_firmware/Nixie_firmware/Middlewares/Third_Party/LwIP/src/include/netif/ppp" -I"/home/alxhoff/git/Embedded/stm32_nixie_clock_firmware/Nixie_firmware/Middlewares/Third_Party/LwIP/src/include/netif/ppp/polarssl" -I"/home/alxhoff/git/Embedded/stm32_nixie_clock_firmware/Nixie_firmware/Middlewares/Third_Party/LwIP/src/include/posix" -I"/home/alxhoff/git/Embedded/stm32_nixie_clock_firmware/Nixie_firmware/Middlewares/Third_Party/LwIP/src/include/posix/sys" -I"/home/alxhoff/git/Embedded/stm32_nixie_clock_firmware/Nixie_firmware/Middlewares/Third_Party/LwIP/system/arch" -I"/home/alxhoff/git/Embedded/stm32_nixie_clock_firmware/Nixie_firmware/Drivers/CMSIS/Include" -I"/home/alxhoff/git/Embedded/stm32_nixie_clock_firmware/Nixie_firmware/libraries"  -Og -g3 -Wall -fmessage-length=0 -ffunction-sections -c -fmessage-length=0 -MMD -MP -MF"Drivers/STM32F4xx_HAL_Driver/Src/stm32f4xx_hal.d" -MT"Drivers/STM32F4xx_HAL_Driver/Src/stm32f4xx_hal.o" -o "Drivers/STM32F4xx_HAL_Driver/Src/stm32f4xx_hal.o" "../Drivers/STM32F4xx_HAL_Driver/Src/stm32f4xx_hal.c"
Finished building: ../Drivers/STM32F4xx_HAL_Driver/Src/stm32f4xx_hal.c
 
Building file: ../Drivers/STM32F4xx_HAL_Driver/Src/stm32f4xx_hal_adc.c
Invoking: MCU GCC Compiler
/home/alxhoff/git/Embedded/stm32_nixie_clock_firmware/Nixie_firmware/Debug
arm-none-eabi-gcc -mcpu=cortex-m4 -mthumb -mfloat-abi=hard -mfpu=fpv4-sp-d16 -D_TIMEVAL_DEFINED -D_SYS_TIME_H_ '-D__weak=__attribute__((weak))' '-D__packed="__attribute__((__packed__))"' -DUSE_HAL_DRIVER -DSTM32F429xx -DSTM32F4xx -I"/home/alxhoff/git/Embedded/stm32_nixie_clock_firmware/Nixie_firmware/Inc" -I"/home/alxhoff/git/Embedded/stm32_nixie_clock_firmware/Nixie_firmware/Middlewares/Third_Party/LwIP/src/include" -I"/home/alxhoff/git/Embedded/stm32_nixie_clock_firmware/Nixie_firmware/Middlewares/Third_Party/LwIP/system" -I"/home/alxhoff/git/Embedded/stm32_nixie_clock_firmware/Nixie_firmware/Drivers/STM32F4xx_HAL_Driver/Inc" -I"/home/alxhoff/git/Embedded/stm32_nixie_clock_firmware/Nixie_firmware/Drivers/STM32F4xx_HAL_Driver/Inc/Legacy" -I"/home/alxhoff/git/Embedded/stm32_nixie_clock_firmware/Nixie_firmware/Middlewares/Third_Party/FreeRTOS/Source/portable/GCC/ARM_CM4F" -I"/home/alxhoff/git/Embedded/stm32_nixie_clock_firmware/Nixie_firmware/Drivers/CMSIS/Device/ST/STM32F4xx/Include" -I"/home/alxhoff/git/Embedded/stm32_nixie_clock_firmware/Nixie_firmware/Middlewares/Third_Party/FreeRTOS/Source/include" -I"/home/alxhoff/git/Embedded/stm32_nixie_clock_firmware/Nixie_firmware/Middlewares/Third_Party/FreeRTOS/Source/CMSIS_RTOS" -I"/home/alxhoff/git/Embedded/stm32_nixie_clock_firmware/Nixie_firmware/Middlewares/Third_Party/LwIP/src/include/lwip" -I"/home/alxhoff/git/Embedded/stm32_nixie_clock_firmware/Nixie_firmware/Middlewares/Third_Party/LwIP/src/include/lwip/apps" -I"/home/alxhoff/git/Embedded/stm32_nixie_clock_firmware/Nixie_firmware/Middlewares/Third_Party/LwIP/src/include/lwip/priv" -I"/home/alxhoff/git/Embedded/stm32_nixie_clock_firmware/Nixie_firmware/Middlewares/Third_Party/LwIP/src/include/lwip/prot" -I"/home/alxhoff/git/Embedded/stm32_nixie_clock_firmware/Nixie_firmware/Middlewares/Third_Party/LwIP/src/include/netif" -I"/home/alxhoff/git/Embedded/stm32_nixie_clock_firmware/Nixie_firmware/Middlewares/Third_Party/LwIP/src/include/netif/ppp" -I"/home/alxhoff/git/Embedded/stm32_nixie_clock_firmware/Nixie_firmware/Middlewares/Third_Party/LwIP/src/include/netif/ppp/polarssl" -I"/home/alxhoff/git/Embedded/stm32_nixie_clock_firmware/Nixie_firmware/Middlewares/Third_Party/LwIP/src/include/posix" -I"/home/alxhoff/git/Embedded/stm32_nixie_clock_firmware/Nixie_firmware/Middlewares/Third_Party/LwIP/src/include/posix/sys" -I"/home/alxhoff/git/Embedded/stm32_nixie_clock_firmware/Nixie_firmware/Middlewares/Third_Party/LwIP/system/arch" -I"/home/alxhoff/git/Embedded/stm32_nixie_clock_firmware/Nixie_firmware/Drivers/CMSIS/Include" -I"/home/alxhoff/git/Embedded/stm32_nixie_clock_firmware/Nixie_firmware/libraries"  -Og -g3 -Wall -fmessage-length=0 -ffunction-sections -c -fmessage-length=0 -MMD -MP -MF"Drivers/STM32F4xx_HAL_Driver/Src/stm32f4xx_hal_adc.d" -MT"Drivers/STM32F4xx_HAL_Driver/Src/stm32f4xx_hal_adc.o" -o "Drivers/STM32F4xx_HAL_Driver/Src/stm32f4xx_hal_adc.o" "../Drivers/STM32F4xx_HAL_Driver/Src/stm32f4xx_hal_adc.c"
Finished building: ../Drivers/STM32F4xx_HAL_Driver/Src/stm32f4xx_hal_adc.c
 
Building file: ../Drivers/STM32F4xx_HAL_Driver/Src/stm32f4xx_hal_adc_ex.c
Invoking: MCU GCC Compiler
/home/alxhoff/git/Embedded/stm32_nixie_clock_firmware/Nixie_firmware/Debug
arm-none-eabi-gcc -mcpu=cortex-m4 -mthumb -mfloat-abi=hard -mfpu=fpv4-sp-d16 -D_TIMEVAL_DEFINED -D_SYS_TIME_H_ '-D__weak=__attribute__((weak))' '-D__packed="__attribute__((__packed__))"' -DUSE_HAL_DRIVER -DSTM32F429xx -DSTM32F4xx -I"/home/alxhoff/git/Embedded/stm32_nixie_clock_firmware/Nixie_firmware/Inc" -I"/home/alxhoff/git/Embedded/stm32_nixie_clock_firmware/Nixie_firmware/Middlewares/Third_Party/LwIP/src/include" -I"/home/alxhoff/git/Embedded/stm32_nixie_clock_firmware/Nixie_firmware/Middlewares/Third_Party/LwIP/system" -I"/home/alxhoff/git/Embedded/stm32_nixie_clock_firmware/Nixie_firmware/Drivers/STM32F4xx_HAL_Driver/Inc" -I"/home/alxhoff/git/Embedded/stm32_nixie_clock_firmware/Nixie_firmware/Drivers/STM32F4xx_HAL_Driver/Inc/Legacy" -I"/home/alxhoff/git/Embedded/stm32_nixie_clock_firmware/Nixie_firmware/Middlewares/Third_Party/FreeRTOS/Source/portable/GCC/ARM_CM4F" -I"/home/alxhoff/git/Embedded/stm32_nixie_clock_firmware/Nixie_firmware/Drivers/CMSIS/Device/ST/STM32F4xx/Include" -I"/home/alxhoff/git/Embedded/stm32_nixie_clock_firmware/Nixie_firmware/Middlewares/Third_Party/FreeRTOS/Source/include" -I"/home/alxhoff/git/Embedded/stm32_nixie_clock_firmware/Nixie_firmware/Middlewares/Third_Party/FreeRTOS/Source/CMSIS_RTOS" -I"/home/alxhoff/git/Embedded/stm32_nixie_clock_firmware/Nixie_firmware/Middlewares/Third_Party/LwIP/src/include/lwip" -I"/home/alxhoff/git/Embedded/stm32_nixie_clock_firmware/Nixie_firmware/Middlewares/Third_Party/LwIP/src/include/lwip/apps" -I"/home/alxhoff/git/Embedded/stm32_nixie_clock_firmware/Nixie_firmware/Middlewares/Third_Party/LwIP/src/include/lwip/priv" -I"/home/alxhoff/git/Embedded/stm32_nixie_clock_firmware/Nixie_firmware/Middlewares/Third_Party/LwIP/src/include/lwip/prot" -I"/home/alxhoff/git/Embedded/stm32_nixie_clock_firmware/Nixie_firmware/Middlewares/Third_Party/LwIP/src/include/netif" -I"/home/alxhoff/git/Embedded/stm32_nixie_clock_firmware/Nixie_firmware/Middlewares/Third_Party/LwIP/src/include/netif/ppp" -I"/home/alxhoff/git/Embedded/stm32_nixie_clock_firmware/Nixie_firmware/Middlewares/Third_Party/LwIP/src/include/netif/ppp/polarssl" -I"/home/alxhoff/git/Embedded/stm32_nixie_clock_firmware/Nixie_firmware/Middlewares/Third_Party/LwIP/src/include/posix" -I"/home/alxhoff/git/Embedded/stm32_nixie_clock_firmware/Nixie_firmware/Middlewares/Third_Party/LwIP/src/include/posix/sys" -I"/home/alxhoff/git/Embedded/stm32_nixie_clock_firmware/Nixie_firmware/Middlewares/Third_Party/LwIP/system/arch" -I"/home/alxhoff/git/Embedded/stm32_nixie_clock_firmware/Nixie_firmware/Drivers/CMSIS/Include" -I"/home/alxhoff/git/Embedded/stm32_nixie_clock_firmware/Nixie_firmware/libraries"  -Og -g3 -Wall -fmessage-length=0 -ffunction-sections -c -fmessage-length=0 -MMD -MP -MF"Drivers/STM32F4xx_HAL_Driver/Src/stm32f4xx_hal_adc_ex.d" -MT"Drivers/STM32F4xx_HAL_Driver/Src/stm32f4xx_hal_adc_ex.o" -o "Drivers/STM32F4xx_HAL_Driver/Src/stm32f4xx_hal_adc_ex.o" "../Drivers/STM32F4xx_HAL_Driver/Src/stm32f4xx_hal_adc_ex.c"
Finished building: ../Drivers/STM32F4xx_HAL_Driver/Src/stm32f4xx_hal_adc_ex.c
 
Building file: ../Drivers/STM32F4xx_HAL_Driver/Src/stm32f4xx_hal_cortex.c
Invoking: MCU GCC Compiler
/home/alxhoff/git/Embedded/stm32_nixie_clock_firmware/Nixie_firmware/Debug
arm-none-eabi-gcc -mcpu=cortex-m4 -mthumb -mfloat-abi=hard -mfpu=fpv4-sp-d16 -D_TIMEVAL_DEFINED -D_SYS_TIME_H_ '-D__weak=__attribute__((weak))' '-D__packed="__attribute__((__packed__))"' -DUSE_HAL_DRIVER -DSTM32F429xx -DSTM32F4xx -I"/home/alxhoff/git/Embedded/stm32_nixie_clock_firmware/Nixie_firmware/Inc" -I"/home/alxhoff/git/Embedded/stm32_nixie_clock_firmware/Nixie_firmware/Middlewares/Third_Party/LwIP/src/include" -I"/home/alxhoff/git/Embedded/stm32_nixie_clock_firmware/Nixie_firmware/Middlewares/Third_Party/LwIP/system" -I"/home/alxhoff/git/Embedded/stm32_nixie_clock_firmware/Nixie_firmware/Drivers/STM32F4xx_HAL_Driver/Inc" -I"/home/alxhoff/git/Embedded/stm32_nixie_clock_firmware/Nixie_firmware/Drivers/STM32F4xx_HAL_Driver/Inc/Legacy" -I"/home/alxhoff/git/Embedded/stm32_nixie_clock_firmware/Nixie_firmware/Middlewares/Third_Party/FreeRTOS/Source/portable/GCC/ARM_CM4F" -I"/home/alxhoff/git/Embedded/stm32_nixie_clock_firmware/Nixie_firmware/Drivers/CMSIS/Device/ST/STM32F4xx/Include" -I"/home/alxhoff/git/Embedded/stm32_nixie_clock_firmware/Nixie_firmware/Middlewares/Third_Party/FreeRTOS/Source/include" -I"/home/alxhoff/git/Embedded/stm32_nixie_clock_firmware/Nixie_firmware/Middlewares/Third_Party/FreeRTOS/Source/CMSIS_RTOS" -I"/home/alxhoff/git/Embedded/stm32_nixie_clock_firmware/Nixie_firmware/Middlewares/Third_Party/LwIP/src/include/lwip" -I"/home/alxhoff/git/Embedded/stm32_nixie_clock_firmware/Nixie_firmware/Middlewares/Third_Party/LwIP/src/include/lwip/apps" -I"/home/alxhoff/git/Embedded/stm32_nixie_clock_firmware/Nixie_firmware/Middlewares/Third_Party/LwIP/src/include/lwip/priv" -I"/home/alxhoff/git/Embedded/stm32_nixie_clock_firmware/Nixie_firmware/Middlewares/Third_Party/LwIP/src/include/lwip/prot" -I"/home/alxhoff/git/Embedded/stm32_nixie_clock_firmware/Nixie_firmware/Middlewares/Third_Party/LwIP/src/include/netif" -I"/home/alxhoff/git/Embedded/stm32_nixie_clock_firmware/Nixie_firmware/Middlewares/Third_Party/LwIP/src/include/netif/ppp" -I"/home/alxhoff/git/Embedded/stm32_nixie_clock_firmware/Nixie_firmware/Middlewares/Third_Party/LwIP/src/include/netif/ppp/polarssl" -I"/home/alxhoff/git/Embedded/stm32_nixie_clock_firmware/Nixie_firmware/Middlewares/Third_Party/LwIP/src/include/posix" -I"/home/alxhoff/git/Embedded/stm32_nixie_clock_firmware/Nixie_firmware/Middlewares/Third_Party/LwIP/src/include/posix/sys" -I"/home/alxhoff/git/Embedded/stm32_nixie_clock_firmware/Nixie_firmware/Middlewares/Third_Party/LwIP/system/arch" -I"/home/alxhoff/git/Embedded/stm32_nixie_clock_firmware/Nixie_firmware/Drivers/CMSIS/Include" -I"/home/alxhoff/git/Embedded/stm32_nixie_clock_firmware/Nixie_firmware/libraries"  -Og -g3 -Wall -fmessage-length=0 -ffunction-sections -c -fmessage-length=0 -MMD -MP -MF"Drivers/STM32F4xx_HAL_Driver/Src/stm32f4xx_hal_cortex.d" -MT"Drivers/STM32F4xx_HAL_Driver/Src/stm32f4xx_hal_cortex.o" -o "Drivers/STM32F4xx_HAL_Driver/Src/stm32f4xx_hal_cortex.o" "../Drivers/STM32F4xx_HAL_Driver/Src/stm32f4xx_hal_cortex.c"
Finished building: ../Drivers/STM32F4xx_HAL_Driver/Src/stm32f4xx_hal_cortex.c
 
Building file: ../Drivers/STM32F4xx_HAL_Driver/Src/stm32f4xx_hal_dma.c
Invoking: MCU GCC Compiler
/home/alxhoff/git/Embedded/stm32_nixie_clock_firmware/Nixie_firmware/Debug
arm-none-eabi-gcc -mcpu=cortex-m4 -mthumb -mfloat-abi=hard -mfpu=fpv4-sp-d16 -D_TIMEVAL_DEFINED -D_SYS_TIME_H_ '-D__weak=__attribute__((weak))' '-D__packed="__attribute__((__packed__))"' -DUSE_HAL_DRIVER -DSTM32F429xx -DSTM32F4xx -I"/home/alxhoff/git/Embedded/stm32_nixie_clock_firmware/Nixie_firmware/Inc" -I"/home/alxhoff/git/Embedded/stm32_nixie_clock_firmware/Nixie_firmware/Middlewares/Third_Party/LwIP/src/include" -I"/home/alxhoff/git/Embedded/stm32_nixie_clock_firmware/Nixie_firmware/Middlewares/Third_Party/LwIP/system" -I"/home/alxhoff/git/Embedded/stm32_nixie_clock_firmware/Nixie_firmware/Drivers/STM32F4xx_HAL_Driver/Inc" -I"/home/alxhoff/git/Embedded/stm32_nixie_clock_firmware/Nixie_firmware/Drivers/STM32F4xx_HAL_Driver/Inc/Legacy" -I"/home/alxhoff/git/Embedded/stm32_nixie_clock_firmware/Nixie_firmware/Middlewares/Third_Party/FreeRTOS/Source/portable/GCC/ARM_CM4F" -I"/home/alxhoff/git/Embedded/stm32_nixie_clock_firmware/Nixie_firmware/Drivers/CMSIS/Device/ST/STM32F4xx/Include" -I"/home/alxhoff/git/Embedded/stm32_nixie_clock_firmware/Nixie_firmware/Middlewares/Third_Party/FreeRTOS/Source/include" -I"/home/alxhoff/git/Embedded/stm32_nixie_clock_firmware/Nixie_firmware/Middlewares/Third_Party/FreeRTOS/Source/CMSIS_RTOS" -I"/home/alxhoff/git/Embedded/stm32_nixie_clock_firmware/Nixie_firmware/Middlewares/Third_Party/LwIP/src/include/lwip" -I"/home/alxhoff/git/Embedded/stm32_nixie_clock_firmware/Nixie_firmware/Middlewares/Third_Party/LwIP/src/include/lwip/apps" -I"/home/alxhoff/git/Embedded/stm32_nixie_clock_firmware/Nixie_firmware/Middlewares/Third_Party/LwIP/src/include/lwip/priv" -I"/home/alxhoff/git/Embedded/stm32_nixie_clock_firmware/Nixie_firmware/Middlewares/Third_Party/LwIP/src/include/lwip/prot" -I"/home/alxhoff/git/Embedded/stm32_nixie_clock_firmware/Nixie_firmware/Middlewares/Third_Party/LwIP/src/include/netif" -I"/home/alxhoff/git/Embedded/stm32_nixie_clock_firmware/Nixie_firmware/Middlewares/Third_Party/LwIP/src/include/netif/ppp" -I"/home/alxhoff/git/Embedded/stm32_nixie_clock_firmware/Nixie_firmware/Middlewares/Third_Party/LwIP/src/include/netif/ppp/polarssl" -I"/home/alxhoff/git/Embedded/stm32_nixie_clock_firmware/Nixie_firmware/Middlewares/Third_Party/LwIP/src/include/posix" -I"/home/alxhoff/git/Embedded/stm32_nixie_clock_firmware/Nixie_firmware/Middlewares/Third_Party/LwIP/src/include/posix/sys" -I"/home/alxhoff/git/Embedded/stm32_nixie_clock_firmware/Nixie_firmware/Middlewares/Third_Party/LwIP/system/arch" -I"/home/alxhoff/git/Embedded/stm32_nixie_clock_firmware/Nixie_firmware/Drivers/CMSIS/Include" -I"/home/alxhoff/git/Embedded/stm32_nixie_clock_firmware/Nixie_firmware/libraries"  -Og -g3 -Wall -fmessage-length=0 -ffunction-sections -c -fmessage-length=0 -MMD -MP -MF"Drivers/STM32F4xx_HAL_Driver/Src/stm32f4xx_hal_dma.d" -MT"Drivers/STM32F4xx_HAL_Driver/Src/stm32f4xx_hal_dma.o" -o "Drivers/STM32F4xx_HAL_Driver/Src/stm32f4xx_hal_dma.o" "../Drivers/STM32F4xx_HAL_Driver/Src/stm32f4xx_hal_dma.c"
Finished building: ../Drivers/STM32F4xx_HAL_Driver/Src/stm32f4xx_hal_dma.c
 
Building file: ../Drivers/STM32F4xx_HAL_Driver/Src/stm32f4xx_hal_dma_ex.c
Invoking: MCU GCC Compiler
/home/alxhoff/git/Embedded/stm32_nixie_clock_firmware/Nixie_firmware/Debug
arm-none-eabi-gcc -mcpu=cortex-m4 -mthumb -mfloat-abi=hard -mfpu=fpv4-sp-d16 -D_TIMEVAL_DEFINED -D_SYS_TIME_H_ '-D__weak=__attribute__((weak))' '-D__packed="__attribute__((__packed__))"' -DUSE_HAL_DRIVER -DSTM32F429xx -DSTM32F4xx -I"/home/alxhoff/git/Embedded/stm32_nixie_clock_firmware/Nixie_firmware/Inc" -I"/home/alxhoff/git/Embedded/stm32_nixie_clock_firmware/Nixie_firmware/Middlewares/Third_Party/LwIP/src/include" -I"/home/alxhoff/git/Embedded/stm32_nixie_clock_firmware/Nixie_firmware/Middlewares/Third_Party/LwIP/system" -I"/home/alxhoff/git/Embedded/stm32_nixie_clock_firmware/Nixie_firmware/Drivers/STM32F4xx_HAL_Driver/Inc" -I"/home/alxhoff/git/Embedded/stm32_nixie_clock_firmware/Nixie_firmware/Drivers/STM32F4xx_HAL_Driver/Inc/Legacy" -I"/home/alxhoff/git/Embedded/stm32_nixie_clock_firmware/Nixie_firmware/Middlewares/Third_Party/FreeRTOS/Source/portable/GCC/ARM_CM4F" -I"/home/alxhoff/git/Embedded/stm32_nixie_clock_firmware/Nixie_firmware/Drivers/CMSIS/Device/ST/STM32F4xx/Include" -I"/home/alxhoff/git/Embedded/stm32_nixie_clock_firmware/Nixie_firmware/Middlewares/Third_Party/FreeRTOS/Source/include" -I"/home/alxhoff/git/Embedded/stm32_nixie_clock_firmware/Nixie_firmware/Middlewares/Third_Party/FreeRTOS/Source/CMSIS_RTOS" -I"/home/alxhoff/git/Embedded/stm32_nixie_clock_firmware/Nixie_firmware/Middlewares/Third_Party/LwIP/src/include/lwip" -I"/home/alxhoff/git/Embedded/stm32_nixie_clock_firmware/Nixie_firmware/Middlewares/Third_Party/LwIP/src/include/lwip/apps" -I"/home/alxhoff/git/Embedded/stm32_nixie_clock_firmware/Nixie_firmware/Middlewares/Third_Party/LwIP/src/include/lwip/priv" -I"/home/alxhoff/git/Embedded/stm32_nixie_clock_firmware/Nixie_firmware/Middlewares/Third_Party/LwIP/src/include/lwip/prot" -I"/home/alxhoff/git/Embedded/stm32_nixie_clock_firmware/Nixie_firmware/Middlewares/Third_Party/LwIP/src/include/netif" -I"/home/alxhoff/git/Embedded/stm32_nixie_clock_firmware/Nixie_firmware/Middlewares/Third_Party/LwIP/src/include/netif/ppp" -I"/home/alxhoff/git/Embedded/stm32_nixie_clock_firmware/Nixie_firmware/Middlewares/Third_Party/LwIP/src/include/netif/ppp/polarssl" -I"/home/alxhoff/git/Embedded/stm32_nixie_clock_firmware/Nixie_firmware/Middlewares/Third_Party/LwIP/src/include/posix" -I"/home/alxhoff/git/Embedded/stm32_nixie_clock_firmware/Nixie_firmware/Middlewares/Third_Party/LwIP/src/include/posix/sys" -I"/home/alxhoff/git/Embedded/stm32_nixie_clock_firmware/Nixie_firmware/Middlewares/Third_Party/LwIP/system/arch" -I"/home/alxhoff/git/Embedded/stm32_nixie_clock_firmware/Nixie_firmware/Drivers/CMSIS/Include" -I"/home/alxhoff/git/Embedded/stm32_nixie_clock_firmware/Nixie_firmware/libraries"  -Og -g3 -Wall -fmessage-length=0 -ffunction-sections -c -fmessage-length=0 -MMD -MP -MF"Drivers/STM32F4xx_HAL_Driver/Src/stm32f4xx_hal_dma_ex.d" -MT"Drivers/STM32F4xx_HAL_Driver/Src/stm32f4xx_hal_dma_ex.o" -o "Drivers/STM32F4xx_HAL_Driver/Src/stm32f4xx_hal_dma_ex.o" "../Drivers/STM32F4xx_HAL_Driver/Src/stm32f4xx_hal_dma_ex.c"
Finished building: ../Drivers/STM32F4xx_HAL_Driver/Src/stm32f4xx_hal_dma_ex.c
 
Building file: ../Drivers/STM32F4xx_HAL_Driver/Src/stm32f4xx_hal_eth.c
Invoking: MCU GCC Compiler
/home/alxhoff/git/Embedded/stm32_nixie_clock_firmware/Nixie_firmware/Debug
arm-none-eabi-gcc -mcpu=cortex-m4 -mthumb -mfloat-abi=hard -mfpu=fpv4-sp-d16 -D_TIMEVAL_DEFINED -D_SYS_TIME_H_ '-D__weak=__attribute__((weak))' '-D__packed="__attribute__((__packed__))"' -DUSE_HAL_DRIVER -DSTM32F429xx -DSTM32F4xx -I"/home/alxhoff/git/Embedded/stm32_nixie_clock_firmware/Nixie_firmware/Inc" -I"/home/alxhoff/git/Embedded/stm32_nixie_clock_firmware/Nixie_firmware/Middlewares/Third_Party/LwIP/src/include" -I"/home/alxhoff/git/Embedded/stm32_nixie_clock_firmware/Nixie_firmware/Middlewares/Third_Party/LwIP/system" -I"/home/alxhoff/git/Embedded/stm32_nixie_clock_firmware/Nixie_firmware/Drivers/STM32F4xx_HAL_Driver/Inc" -I"/home/alxhoff/git/Embedded/stm32_nixie_clock_firmware/Nixie_firmware/Drivers/STM32F4xx_HAL_Driver/Inc/Legacy" -I"/home/alxhoff/git/Embedded/stm32_nixie_clock_firmware/Nixie_firmware/Middlewares/Third_Party/FreeRTOS/Source/portable/GCC/ARM_CM4F" -I"/home/alxhoff/git/Embedded/stm32_nixie_clock_firmware/Nixie_firmware/Drivers/CMSIS/Device/ST/STM32F4xx/Include" -I"/home/alxhoff/git/Embedded/stm32_nixie_clock_firmware/Nixie_firmware/Middlewares/Third_Party/FreeRTOS/Source/include" -I"/home/alxhoff/git/Embedded/stm32_nixie_clock_firmware/Nixie_firmware/Middlewares/Third_Party/FreeRTOS/Source/CMSIS_RTOS" -I"/home/alxhoff/git/Embedded/stm32_nixie_clock_firmware/Nixie_firmware/Middlewares/Third_Party/LwIP/src/include/lwip" -I"/home/alxhoff/git/Embedded/stm32_nixie_clock_firmware/Nixie_firmware/Middlewares/Third_Party/LwIP/src/include/lwip/apps" -I"/home/alxhoff/git/Embedded/stm32_nixie_clock_firmware/Nixie_firmware/Middlewares/Third_Party/LwIP/src/include/lwip/priv" -I"/home/alxhoff/git/Embedded/stm32_nixie_clock_firmware/Nixie_firmware/Middlewares/Third_Party/LwIP/src/include/lwip/prot" -I"/home/alxhoff/git/Embedded/stm32_nixie_clock_firmware/Nixie_firmware/Middlewares/Third_Party/LwIP/src/include/netif" -I"/home/alxhoff/git/Embedded/stm32_nixie_clock_firmware/Nixie_firmware/Middlewares/Third_Party/LwIP/src/include/netif/ppp" -I"/home/alxhoff/git/Embedded/stm32_nixie_clock_firmware/Nixie_firmware/Middlewares/Third_Party/LwIP/src/include/netif/ppp/polarssl" -I"/home/alxhoff/git/Embedded/stm32_nixie_clock_firmware/Nixie_firmware/Middlewares/Third_Party/LwIP/src/include/posix" -I"/home/alxhoff/git/Embedded/stm32_nixie_clock_firmware/Nixie_firmware/Middlewares/Third_Party/LwIP/src/include/posix/sys" -I"/home/alxhoff/git/Embedded/stm32_nixie_clock_firmware/Nixie_firmware/Middlewares/Third_Party/LwIP/system/arch" -I"/home/alxhoff/git/Embedded/stm32_nixie_clock_firmware/Nixie_firmware/Drivers/CMSIS/Include" -I"/home/alxhoff/git/Embedded/stm32_nixie_clock_firmware/Nixie_firmware/libraries"  -Og -g3 -Wall -fmessage-length=0 -ffunction-sections -c -fmessage-length=0 -MMD -MP -MF"Drivers/STM32F4xx_HAL_Driver/Src/stm32f4xx_hal_eth.d" -MT"Drivers/STM32F4xx_HAL_Driver/Src/stm32f4xx_hal_eth.o" -o "Drivers/STM32F4xx_HAL_Driver/Src/stm32f4xx_hal_eth.o" "../Drivers/STM32F4xx_HAL_Driver/Src/stm32f4xx_hal_eth.c"
Finished building: ../Drivers/STM32F4xx_HAL_Driver/Src/stm32f4xx_hal_eth.c
 
Building file: ../Drivers/STM32F4xx_HAL_Driver/Src/stm32f4xx_hal_flash.c
Invoking: MCU GCC Compiler
/home/alxhoff/git/Embedded/stm32_nixie_clock_firmware/Nixie_firmware/Debug
arm-none-eabi-gcc -mcpu=cortex-m4 -mthumb -mfloat-abi=hard -mfpu=fpv4-sp-d16 -D_TIMEVAL_DEFINED -D_SYS_TIME_H_ '-D__weak=__attribute__((weak))' '-D__packed="__attribute__((__packed__))"' -DUSE_HAL_DRIVER -DSTM32F429xx -DSTM32F4xx -I"/home/alxhoff/git/Embedded/stm32_nixie_clock_firmware/Nixie_firmware/Inc" -I"/home/alxhoff/git/Embedded/stm32_nixie_clock_firmware/Nixie_firmware/Middlewares/Third_Party/LwIP/src/include" -I"/home/alxhoff/git/Embedded/stm32_nixie_clock_firmware/Nixie_firmware/Middlewares/Third_Party/LwIP/system" -I"/home/alxhoff/git/Embedded/stm32_nixie_clock_firmware/Nixie_firmware/Drivers/STM32F4xx_HAL_Driver/Inc" -I"/home/alxhoff/git/Embedded/stm32_nixie_clock_firmware/Nixie_firmware/Drivers/STM32F4xx_HAL_Driver/Inc/Legacy" -I"/home/alxhoff/git/Embedded/stm32_nixie_clock_firmware/Nixie_firmware/Middlewares/Third_Party/FreeRTOS/Source/portable/GCC/ARM_CM4F" -I"/home/alxhoff/git/Embedded/stm32_nixie_clock_firmware/Nixie_firmware/Drivers/CMSIS/Device/ST/STM32F4xx/Include" -I"/home/alxhoff/git/Embedded/stm32_nixie_clock_firmware/Nixie_firmware/Middlewares/Third_Party/FreeRTOS/Source/include" -I"/home/alxhoff/git/Embedded/stm32_nixie_clock_firmware/Nixie_firmware/Middlewares/Third_Party/FreeRTOS/Source/CMSIS_RTOS" -I"/home/alxhoff/git/Embedded/stm32_nixie_clock_firmware/Nixie_firmware/Middlewares/Third_Party/LwIP/src/include/lwip" -I"/home/alxhoff/git/Embedded/stm32_nixie_clock_firmware/Nixie_firmware/Middlewares/Third_Party/LwIP/src/include/lwip/apps" -I"/home/alxhoff/git/Embedded/stm32_nixie_clock_firmware/Nixie_firmware/Middlewares/Third_Party/LwIP/src/include/lwip/priv" -I"/home/alxhoff/git/Embedded/stm32_nixie_clock_firmware/Nixie_firmware/Middlewares/Third_Party/LwIP/src/include/lwip/prot" -I"/home/alxhoff/git/Embedded/stm32_nixie_clock_firmware/Nixie_firmware/Middlewares/Third_Party/LwIP/src/include/netif" -I"/home/alxhoff/git/Embedded/stm32_nixie_clock_firmware/Nixie_firmware/Middlewares/Third_Party/LwIP/src/include/netif/ppp" -I"/home/alxhoff/git/Embedded/stm32_nixie_clock_firmware/Nixie_firmware/Middlewares/Third_Party/LwIP/src/include/netif/ppp/polarssl" -I"/home/alxhoff/git/Embedded/stm32_nixie_clock_firmware/Nixie_firmware/Middlewares/Third_Party/LwIP/src/include/posix" -I"/home/alxhoff/git/Embedded/stm32_nixie_clock_firmware/Nixie_firmware/Middlewares/Third_Party/LwIP/src/include/posix/sys" -I"/home/alxhoff/git/Embedded/stm32_nixie_clock_firmware/Nixie_firmware/Middlewares/Third_Party/LwIP/system/arch" -I"/home/alxhoff/git/Embedded/stm32_nixie_clock_firmware/Nixie_firmware/Drivers/CMSIS/Include" -I"/home/alxhoff/git/Embedded/stm32_nixie_clock_firmware/Nixie_firmware/libraries"  -Og -g3 -Wall -fmessage-length=0 -ffunction-sections -c -fmessage-length=0 -MMD -MP -MF"Drivers/STM32F4xx_HAL_Driver/Src/stm32f4xx_hal_flash.d" -MT"Drivers/STM32F4xx_HAL_Driver/Src/stm32f4xx_hal_flash.o" -o "Drivers/STM32F4xx_HAL_Driver/Src/stm32f4xx_hal_flash.o" "../Drivers/STM32F4xx_HAL_Driver/Src/stm32f4xx_hal_flash.c"
Finished building: ../Drivers/STM32F4xx_HAL_Driver/Src/stm32f4xx_hal_flash.c
 
Building file: ../Drivers/STM32F4xx_HAL_Driver/Src/stm32f4xx_hal_flash_ex.c
Invoking: MCU GCC Compiler
/home/alxhoff/git/Embedded/stm32_nixie_clock_firmware/Nixie_firmware/Debug
arm-none-eabi-gcc -mcpu=cortex-m4 -mthumb -mfloat-abi=hard -mfpu=fpv4-sp-d16 -D_TIMEVAL_DEFINED -D_SYS_TIME_H_ '-D__weak=__attribute__((weak))' '-D__packed="__attribute__((__packed__))"' -DUSE_HAL_DRIVER -DSTM32F429xx -DSTM32F4xx -I"/home/alxhoff/git/Embedded/stm32_nixie_clock_firmware/Nixie_firmware/Inc" -I"/home/alxhoff/git/Embedded/stm32_nixie_clock_firmware/Nixie_firmware/Middlewares/Third_Party/LwIP/src/include" -I"/home/alxhoff/git/Embedded/stm32_nixie_clock_firmware/Nixie_firmware/Middlewares/Third_Party/LwIP/system" -I"/home/alxhoff/git/Embedded/stm32_nixie_clock_firmware/Nixie_firmware/Drivers/STM32F4xx_HAL_Driver/Inc" -I"/home/alxhoff/git/Embedded/stm32_nixie_clock_firmware/Nixie_firmware/Drivers/STM32F4xx_HAL_Driver/Inc/Legacy" -I"/home/alxhoff/git/Embedded/stm32_nixie_clock_firmware/Nixie_firmware/Middlewares/Third_Party/FreeRTOS/Source/portable/GCC/ARM_CM4F" -I"/home/alxhoff/git/Embedded/stm32_nixie_clock_firmware/Nixie_firmware/Drivers/CMSIS/Device/ST/STM32F4xx/Include" -I"/home/alxhoff/git/Embedded/stm32_nixie_clock_firmware/Nixie_firmware/Middlewares/Third_Party/FreeRTOS/Source/include" -I"/home/alxhoff/git/Embedded/stm32_nixie_clock_firmware/Nixie_firmware/Middlewares/Third_Party/FreeRTOS/Source/CMSIS_RTOS" -I"/home/alxhoff/git/Embedded/stm32_nixie_clock_firmware/Nixie_firmware/Middlewares/Third_Party/LwIP/src/include/lwip" -I"/home/alxhoff/git/Embedded/stm32_nixie_clock_firmware/Nixie_firmware/Middlewares/Third_Party/LwIP/src/include/lwip/apps" -I"/home/alxhoff/git/Embedded/stm32_nixie_clock_firmware/Nixie_firmware/Middlewares/Third_Party/LwIP/src/include/lwip/priv" -I"/home/alxhoff/git/Embedded/stm32_nixie_clock_firmware/Nixie_firmware/Middlewares/Third_Party/LwIP/src/include/lwip/prot" -I"/home/alxhoff/git/Embedded/stm32_nixie_clock_firmware/Nixie_firmware/Middlewares/Third_Party/LwIP/src/include/netif" -I"/home/alxhoff/git/Embedded/stm32_nixie_clock_firmware/Nixie_firmware/Middlewares/Third_Party/LwIP/src/include/netif/ppp" -I"/home/alxhoff/git/Embedded/stm32_nixie_clock_firmware/Nixie_firmware/Middlewares/Third_Party/LwIP/src/include/netif/ppp/polarssl" -I"/home/alxhoff/git/Embedded/stm32_nixie_clock_firmware/Nixie_firmware/Middlewares/Third_Party/LwIP/src/include/posix" -I"/home/alxhoff/git/Embedded/stm32_nixie_clock_firmware/Nixie_firmware/Middlewares/Third_Party/LwIP/src/include/posix/sys" -I"/home/alxhoff/git/Embedded/stm32_nixie_clock_firmware/Nixie_firmware/Middlewares/Third_Party/LwIP/system/arch" -I"/home/alxhoff/git/Embedded/stm32_nixie_clock_firmware/Nixie_firmware/Drivers/CMSIS/Include" -I"/home/alxhoff/git/Embedded/stm32_nixie_clock_firmware/Nixie_firmware/libraries"  -Og -g3 -Wall -fmessage-length=0 -ffunction-sections -c -fmessage-length=0 -MMD -MP -MF"Drivers/STM32F4xx_HAL_Driver/Src/stm32f4xx_hal_flash_ex.d" -MT"Drivers/STM32F4xx_HAL_Driver/Src/stm32f4xx_hal_flash_ex.o" -o "Drivers/STM32F4xx_HAL_Driver/Src/stm32f4xx_hal_flash_ex.o" "../Drivers/STM32F4xx_HAL_Driver/Src/stm32f4xx_hal_flash_ex.c"
Finished building: ../Drivers/STM32F4xx_HAL_Driver/Src/stm32f4xx_hal_flash_ex.c
 
Building file: ../Drivers/STM32F4xx_HAL_Driver/Src/stm32f4xx_hal_flash_ramfunc.c
Invoking: MCU GCC Compiler
/home/alxhoff/git/Embedded/stm32_nixie_clock_firmware/Nixie_firmware/Debug
arm-none-eabi-gcc -mcpu=cortex-m4 -mthumb -mfloat-abi=hard -mfpu=fpv4-sp-d16 -D_TIMEVAL_DEFINED -D_SYS_TIME_H_ '-D__weak=__attribute__((weak))' '-D__packed="__attribute__((__packed__))"' -DUSE_HAL_DRIVER -DSTM32F429xx -DSTM32F4xx -I"/home/alxhoff/git/Embedded/stm32_nixie_clock_firmware/Nixie_firmware/Inc" -I"/home/alxhoff/git/Embedded/stm32_nixie_clock_firmware/Nixie_firmware/Middlewares/Third_Party/LwIP/src/include" -I"/home/alxhoff/git/Embedded/stm32_nixie_clock_firmware/Nixie_firmware/Middlewares/Third_Party/LwIP/system" -I"/home/alxhoff/git/Embedded/stm32_nixie_clock_firmware/Nixie_firmware/Drivers/STM32F4xx_HAL_Driver/Inc" -I"/home/alxhoff/git/Embedded/stm32_nixie_clock_firmware/Nixie_firmware/Drivers/STM32F4xx_HAL_Driver/Inc/Legacy" -I"/home/alxhoff/git/Embedded/stm32_nixie_clock_firmware/Nixie_firmware/Middlewares/Third_Party/FreeRTOS/Source/portable/GCC/ARM_CM4F" -I"/home/alxhoff/git/Embedded/stm32_nixie_clock_firmware/Nixie_firmware/Drivers/CMSIS/Device/ST/STM32F4xx/Include" -I"/home/alxhoff/git/Embedded/stm32_nixie_clock_firmware/Nixie_firmware/Middlewares/Third_Party/FreeRTOS/Source/include" -I"/home/alxhoff/git/Embedded/stm32_nixie_clock_firmware/Nixie_firmware/Middlewares/Third_Party/FreeRTOS/Source/CMSIS_RTOS" -I"/home/alxhoff/git/Embedded/stm32_nixie_clock_firmware/Nixie_firmware/Middlewares/Third_Party/LwIP/src/include/lwip" -I"/home/alxhoff/git/Embedded/stm32_nixie_clock_firmware/Nixie_firmware/Middlewares/Third_Party/LwIP/src/include/lwip/apps" -I"/home/alxhoff/git/Embedded/stm32_nixie_clock_firmware/Nixie_firmware/Middlewares/Third_Party/LwIP/src/include/lwip/priv" -I"/home/alxhoff/git/Embedded/stm32_nixie_clock_firmware/Nixie_firmware/Middlewares/Third_Party/LwIP/src/include/lwip/prot" -I"/home/alxhoff/git/Embedded/stm32_nixie_clock_firmware/Nixie_firmware/Middlewares/Third_Party/LwIP/src/include/netif" -I"/home/alxhoff/git/Embedded/stm32_nixie_clock_firmware/Nixie_firmware/Middlewares/Third_Party/LwIP/src/include/netif/ppp" -I"/home/alxhoff/git/Embedded/stm32_nixie_clock_firmware/Nixie_firmware/Middlewares/Third_Party/LwIP/src/include/netif/ppp/polarssl" -I"/home/alxhoff/git/Embedded/stm32_nixie_clock_firmware/Nixie_firmware/Middlewares/Third_Party/LwIP/src/include/posix" -I"/home/alxhoff/git/Embedded/stm32_nixie_clock_firmware/Nixie_firmware/Middlewares/Third_Party/LwIP/src/include/posix/sys" -I"/home/alxhoff/git/Embedded/stm32_nixie_clock_firmware/Nixie_firmware/Middlewares/Third_Party/LwIP/system/arch" -I"/home/alxhoff/git/Embedded/stm32_nixie_clock_firmware/Nixie_firmware/Drivers/CMSIS/Include" -I"/home/alxhoff/git/Embedded/stm32_nixie_clock_firmware/Nixie_firmware/libraries"  -Og -g3 -Wall -fmessage-length=0 -ffunction-sections -c -fmessage-length=0 -MMD -MP -MF"Drivers/STM32F4xx_HAL_Driver/Src/stm32f4xx_hal_flash_ramfunc.d" -MT"Drivers/STM32F4xx_HAL_Driver/Src/stm32f4xx_hal_flash_ramfunc.o" -o "Drivers/STM32F4xx_HAL_Driver/Src/stm32f4xx_hal_flash_ramfunc.o" "../Drivers/STM32F4xx_HAL_Driver/Src/stm32f4xx_hal_flash_ramfunc.c"
Finished building: ../Drivers/STM32F4xx_HAL_Driver/Src/stm32f4xx_hal_flash_ramfunc.c
 
Building file: ../Drivers/STM32F4xx_HAL_Driver/Src/stm32f4xx_hal_gpio.c
Invoking: MCU GCC Compiler
/home/alxhoff/git/Embedded/stm32_nixie_clock_firmware/Nixie_firmware/Debug
arm-none-eabi-gcc -mcpu=cortex-m4 -mthumb -mfloat-abi=hard -mfpu=fpv4-sp-d16 -D_TIMEVAL_DEFINED -D_SYS_TIME_H_ '-D__weak=__attribute__((weak))' '-D__packed="__attribute__((__packed__))"' -DUSE_HAL_DRIVER -DSTM32F429xx -DSTM32F4xx -I"/home/alxhoff/git/Embedded/stm32_nixie_clock_firmware/Nixie_firmware/Inc" -I"/home/alxhoff/git/Embedded/stm32_nixie_clock_firmware/Nixie_firmware/Middlewares/Third_Party/LwIP/src/include" -I"/home/alxhoff/git/Embedded/stm32_nixie_clock_firmware/Nixie_firmware/Middlewares/Third_Party/LwIP/system" -I"/home/alxhoff/git/Embedded/stm32_nixie_clock_firmware/Nixie_firmware/Drivers/STM32F4xx_HAL_Driver/Inc" -I"/home/alxhoff/git/Embedded/stm32_nixie_clock_firmware/Nixie_firmware/Drivers/STM32F4xx_HAL_Driver/Inc/Legacy" -I"/home/alxhoff/git/Embedded/stm32_nixie_clock_firmware/Nixie_firmware/Middlewares/Third_Party/FreeRTOS/Source/portable/GCC/ARM_CM4F" -I"/home/alxhoff/git/Embedded/stm32_nixie_clock_firmware/Nixie_firmware/Drivers/CMSIS/Device/ST/STM32F4xx/Include" -I"/home/alxhoff/git/Embedded/stm32_nixie_clock_firmware/Nixie_firmware/Middlewares/Third_Party/FreeRTOS/Source/include" -I"/home/alxhoff/git/Embedded/stm32_nixie_clock_firmware/Nixie_firmware/Middlewares/Third_Party/FreeRTOS/Source/CMSIS_RTOS" -I"/home/alxhoff/git/Embedded/stm32_nixie_clock_firmware/Nixie_firmware/Middlewares/Third_Party/LwIP/src/include/lwip" -I"/home/alxhoff/git/Embedded/stm32_nixie_clock_firmware/Nixie_firmware/Middlewares/Third_Party/LwIP/src/include/lwip/apps" -I"/home/alxhoff/git/Embedded/stm32_nixie_clock_firmware/Nixie_firmware/Middlewares/Third_Party/LwIP/src/include/lwip/priv" -I"/home/alxhoff/git/Embedded/stm32_nixie_clock_firmware/Nixie_firmware/Middlewares/Third_Party/LwIP/src/include/lwip/prot" -I"/home/alxhoff/git/Embedded/stm32_nixie_clock_firmware/Nixie_firmware/Middlewares/Third_Party/LwIP/src/include/netif" -I"/home/alxhoff/git/Embedded/stm32_nixie_clock_firmware/Nixie_firmware/Middlewares/Third_Party/LwIP/src/include/netif/ppp" -I"/home/alxhoff/git/Embedded/stm32_nixie_clock_firmware/Nixie_firmware/Middlewares/Third_Party/LwIP/src/include/netif/ppp/polarssl" -I"/home/alxhoff/git/Embedded/stm32_nixie_clock_firmware/Nixie_firmware/Middlewares/Third_Party/LwIP/src/include/posix" -I"/home/alxhoff/git/Embedded/stm32_nixie_clock_firmware/Nixie_firmware/Middlewares/Third_Party/LwIP/src/include/posix/sys" -I"/home/alxhoff/git/Embedded/stm32_nixie_clock_firmware/Nixie_firmware/Middlewares/Third_Party/LwIP/system/arch" -I"/home/alxhoff/git/Embedded/stm32_nixie_clock_firmware/Nixie_firmware/Drivers/CMSIS/Include" -I"/home/alxhoff/git/Embedded/stm32_nixie_clock_firmware/Nixie_firmware/libraries"  -Og -g3 -Wall -fmessage-length=0 -ffunction-sections -c -fmessage-length=0 -MMD -MP -MF"Drivers/STM32F4xx_HAL_Driver/Src/stm32f4xx_hal_gpio.d" -MT"Drivers/STM32F4xx_HAL_Driver/Src/stm32f4xx_hal_gpio.o" -o "Drivers/STM32F4xx_HAL_Driver/Src/stm32f4xx_hal_gpio.o" "../Drivers/STM32F4xx_HAL_Driver/Src/stm32f4xx_hal_gpio.c"
Finished building: ../Drivers/STM32F4xx_HAL_Driver/Src/stm32f4xx_hal_gpio.c
 
Building file: ../Drivers/STM32F4xx_HAL_Driver/Src/stm32f4xx_hal_i2c.c
Invoking: MCU GCC Compiler
/home/alxhoff/git/Embedded/stm32_nixie_clock_firmware/Nixie_firmware/Debug
arm-none-eabi-gcc -mcpu=cortex-m4 -mthumb -mfloat-abi=hard -mfpu=fpv4-sp-d16 -D_TIMEVAL_DEFINED -D_SYS_TIME_H_ '-D__weak=__attribute__((weak))' '-D__packed="__attribute__((__packed__))"' -DUSE_HAL_DRIVER -DSTM32F429xx -DSTM32F4xx -I"/home/alxhoff/git/Embedded/stm32_nixie_clock_firmware/Nixie_firmware/Inc" -I"/home/alxhoff/git/Embedded/stm32_nixie_clock_firmware/Nixie_firmware/Middlewares/Third_Party/LwIP/src/include" -I"/home/alxhoff/git/Embedded/stm32_nixie_clock_firmware/Nixie_firmware/Middlewares/Third_Party/LwIP/system" -I"/home/alxhoff/git/Embedded/stm32_nixie_clock_firmware/Nixie_firmware/Drivers/STM32F4xx_HAL_Driver/Inc" -I"/home/alxhoff/git/Embedded/stm32_nixie_clock_firmware/Nixie_firmware/Drivers/STM32F4xx_HAL_Driver/Inc/Legacy" -I"/home/alxhoff/git/Embedded/stm32_nixie_clock_firmware/Nixie_firmware/Middlewares/Third_Party/FreeRTOS/Source/portable/GCC/ARM_CM4F" -I"/home/alxhoff/git/Embedded/stm32_nixie_clock_firmware/Nixie_firmware/Drivers/CMSIS/Device/ST/STM32F4xx/Include" -I"/home/alxhoff/git/Embedded/stm32_nixie_clock_firmware/Nixie_firmware/Middlewares/Third_Party/FreeRTOS/Source/include" -I"/home/alxhoff/git/Embedded/stm32_nixie_clock_firmware/Nixie_firmware/Middlewares/Third_Party/FreeRTOS/Source/CMSIS_RTOS" -I"/home/alxhoff/git/Embedded/stm32_nixie_clock_firmware/Nixie_firmware/Middlewares/Third_Party/LwIP/src/include/lwip" -I"/home/alxhoff/git/Embedded/stm32_nixie_clock_firmware/Nixie_firmware/Middlewares/Third_Party/LwIP/src/include/lwip/apps" -I"/home/alxhoff/git/Embedded/stm32_nixie_clock_firmware/Nixie_firmware/Middlewares/Third_Party/LwIP/src/include/lwip/priv" -I"/home/alxhoff/git/Embedded/stm32_nixie_clock_firmware/Nixie_firmware/Middlewares/Third_Party/LwIP/src/include/lwip/prot" -I"/home/alxhoff/git/Embedded/stm32_nixie_clock_firmware/Nixie_firmware/Middlewares/Third_Party/LwIP/src/include/netif" -I"/home/alxhoff/git/Embedded/stm32_nixie_clock_firmware/Nixie_firmware/Middlewares/Third_Party/LwIP/src/include/netif/ppp" -I"/home/alxhoff/git/Embedded/stm32_nixie_clock_firmware/Nixie_firmware/Middlewares/Third_Party/LwIP/src/include/netif/ppp/polarssl" -I"/home/alxhoff/git/Embedded/stm32_nixie_clock_firmware/Nixie_firmware/Middlewares/Third_Party/LwIP/src/include/posix" -I"/home/alxhoff/git/Embedded/stm32_nixie_clock_firmware/Nixie_firmware/Middlewares/Third_Party/LwIP/src/include/posix/sys" -I"/home/alxhoff/git/Embedded/stm32_nixie_clock_firmware/Nixie_firmware/Middlewares/Third_Party/LwIP/system/arch" -I"/home/alxhoff/git/Embedded/stm32_nixie_clock_firmware/Nixie_firmware/Drivers/CMSIS/Include" -I"/home/alxhoff/git/Embedded/stm32_nixie_clock_firmware/Nixie_firmware/libraries"  -Og -g3 -Wall -fmessage-length=0 -ffunction-sections -c -fmessage-length=0 -MMD -MP -MF"Drivers/STM32F4xx_HAL_Driver/Src/stm32f4xx_hal_i2c.d" -MT"Drivers/STM32F4xx_HAL_Driver/Src/stm32f4xx_hal_i2c.o" -o "Drivers/STM32F4xx_HAL_Driver/Src/stm32f4xx_hal_i2c.o" "../Drivers/STM32F4xx_HAL_Driver/Src/stm32f4xx_hal_i2c.c"
Finished building: ../Drivers/STM32F4xx_HAL_Driver/Src/stm32f4xx_hal_i2c.c
 
Building file: ../Drivers/STM32F4xx_HAL_Driver/Src/stm32f4xx_hal_i2c_ex.c
Invoking: MCU GCC Compiler
/home/alxhoff/git/Embedded/stm32_nixie_clock_firmware/Nixie_firmware/Debug
arm-none-eabi-gcc -mcpu=cortex-m4 -mthumb -mfloat-abi=hard -mfpu=fpv4-sp-d16 -D_TIMEVAL_DEFINED -D_SYS_TIME_H_ '-D__weak=__attribute__((weak))' '-D__packed="__attribute__((__packed__))"' -DUSE_HAL_DRIVER -DSTM32F429xx -DSTM32F4xx -I"/home/alxhoff/git/Embedded/stm32_nixie_clock_firmware/Nixie_firmware/Inc" -I"/home/alxhoff/git/Embedded/stm32_nixie_clock_firmware/Nixie_firmware/Middlewares/Third_Party/LwIP/src/include" -I"/home/alxhoff/git/Embedded/stm32_nixie_clock_firmware/Nixie_firmware/Middlewares/Third_Party/LwIP/system" -I"/home/alxhoff/git/Embedded/stm32_nixie_clock_firmware/Nixie_firmware/Drivers/STM32F4xx_HAL_Driver/Inc" -I"/home/alxhoff/git/Embedded/stm32_nixie_clock_firmware/Nixie_firmware/Drivers/STM32F4xx_HAL_Driver/Inc/Legacy" -I"/home/alxhoff/git/Embedded/stm32_nixie_clock_firmware/Nixie_firmware/Middlewares/Third_Party/FreeRTOS/Source/portable/GCC/ARM_CM4F" -I"/home/alxhoff/git/Embedded/stm32_nixie_clock_firmware/Nixie_firmware/Drivers/CMSIS/Device/ST/STM32F4xx/Include" -I"/home/alxhoff/git/Embedded/stm32_nixie_clock_firmware/Nixie_firmware/Middlewares/Third_Party/FreeRTOS/Source/include" -I"/home/alxhoff/git/Embedded/stm32_nixie_clock_firmware/Nixie_firmware/Middlewares/Third_Party/FreeRTOS/Source/CMSIS_RTOS" -I"/home/alxhoff/git/Embedded/stm32_nixie_clock_firmware/Nixie_firmware/Middlewares/Third_Party/LwIP/src/include/lwip" -I"/home/alxhoff/git/Embedded/stm32_nixie_clock_firmware/Nixie_firmware/Middlewares/Third_Party/LwIP/src/include/lwip/apps" -I"/home/alxhoff/git/Embedded/stm32_nixie_clock_firmware/Nixie_firmware/Middlewares/Third_Party/LwIP/src/include/lwip/priv" -I"/home/alxhoff/git/Embedded/stm32_nixie_clock_firmware/Nixie_firmware/Middlewares/Third_Party/LwIP/src/include/lwip/prot" -I"/home/alxhoff/git/Embedded/stm32_nixie_clock_firmware/Nixie_firmware/Middlewares/Third_Party/LwIP/src/include/netif" -I"/home/alxhoff/git/Embedded/stm32_nixie_clock_firmware/Nixie_firmware/Middlewares/Third_Party/LwIP/src/include/netif/ppp" -I"/home/alxhoff/git/Embedded/stm32_nixie_clock_firmware/Nixie_firmware/Middlewares/Third_Party/LwIP/src/include/netif/ppp/polarssl" -I"/home/alxhoff/git/Embedded/stm32_nixie_clock_firmware/Nixie_firmware/Middlewares/Third_Party/LwIP/src/include/posix" -I"/home/alxhoff/git/Embedded/stm32_nixie_clock_firmware/Nixie_firmware/Middlewares/Third_Party/LwIP/src/include/posix/sys" -I"/home/alxhoff/git/Embedded/stm32_nixie_clock_firmware/Nixie_firmware/Middlewares/Third_Party/LwIP/system/arch" -I"/home/alxhoff/git/Embedded/stm32_nixie_clock_firmware/Nixie_firmware/Drivers/CMSIS/Include" -I"/home/alxhoff/git/Embedded/stm32_nixie_clock_firmware/Nixie_firmware/libraries"  -Og -g3 -Wall -fmessage-length=0 -ffunction-sections -c -fmessage-length=0 -MMD -MP -MF"Drivers/STM32F4xx_HAL_Driver/Src/stm32f4xx_hal_i2c_ex.d" -MT"Drivers/STM32F4xx_HAL_Driver/Src/stm32f4xx_hal_i2c_ex.o" -o "Drivers/STM32F4xx_HAL_Driver/Src/stm32f4xx_hal_i2c_ex.o" "../Drivers/STM32F4xx_HAL_Driver/Src/stm32f4xx_hal_i2c_ex.c"
Finished building: ../Drivers/STM32F4xx_HAL_Driver/Src/stm32f4xx_hal_i2c_ex.c
 
Building file: ../Drivers/STM32F4xx_HAL_Driver/Src/stm32f4xx_hal_pcd.c
Invoking: MCU GCC Compiler
/home/alxhoff/git/Embedded/stm32_nixie_clock_firmware/Nixie_firmware/Debug
arm-none-eabi-gcc -mcpu=cortex-m4 -mthumb -mfloat-abi=hard -mfpu=fpv4-sp-d16 -D_TIMEVAL_DEFINED -D_SYS_TIME_H_ '-D__weak=__attribute__((weak))' '-D__packed="__attribute__((__packed__))"' -DUSE_HAL_DRIVER -DSTM32F429xx -DSTM32F4xx -I"/home/alxhoff/git/Embedded/stm32_nixie_clock_firmware/Nixie_firmware/Inc" -I"/home/alxhoff/git/Embedded/stm32_nixie_clock_firmware/Nixie_firmware/Middlewares/Third_Party/LwIP/src/include" -I"/home/alxhoff/git/Embedded/stm32_nixie_clock_firmware/Nixie_firmware/Middlewares/Third_Party/LwIP/system" -I"/home/alxhoff/git/Embedded/stm32_nixie_clock_firmware/Nixie_firmware/Drivers/STM32F4xx_HAL_Driver/Inc" -I"/home/alxhoff/git/Embedded/stm32_nixie_clock_firmware/Nixie_firmware/Drivers/STM32F4xx_HAL_Driver/Inc/Legacy" -I"/home/alxhoff/git/Embedded/stm32_nixie_clock_firmware/Nixie_firmware/Middlewares/Third_Party/FreeRTOS/Source/portable/GCC/ARM_CM4F" -I"/home/alxhoff/git/Embedded/stm32_nixie_clock_firmware/Nixie_firmware/Drivers/CMSIS/Device/ST/STM32F4xx/Include" -I"/home/alxhoff/git/Embedded/stm32_nixie_clock_firmware/Nixie_firmware/Middlewares/Third_Party/FreeRTOS/Source/include" -I"/home/alxhoff/git/Embedded/stm32_nixie_clock_firmware/Nixie_firmware/Middlewares/Third_Party/FreeRTOS/Source/CMSIS_RTOS" -I"/home/alxhoff/git/Embedded/stm32_nixie_clock_firmware/Nixie_firmware/Middlewares/Third_Party/LwIP/src/include/lwip" -I"/home/alxhoff/git/Embedded/stm32_nixie_clock_firmware/Nixie_firmware/Middlewares/Third_Party/LwIP/src/include/lwip/apps" -I"/home/alxhoff/git/Embedded/stm32_nixie_clock_firmware/Nixie_firmware/Middlewares/Third_Party/LwIP/src/include/lwip/priv" -I"/home/alxhoff/git/Embedded/stm32_nixie_clock_firmware/Nixie_firmware/Middlewares/Third_Party/LwIP/src/include/lwip/prot" -I"/home/alxhoff/git/Embedded/stm32_nixie_clock_firmware/Nixie_firmware/Middlewares/Third_Party/LwIP/src/include/netif" -I"/home/alxhoff/git/Embedded/stm32_nixie_clock_firmware/Nixie_firmware/Middlewares/Third_Party/LwIP/src/include/netif/ppp" -I"/home/alxhoff/git/Embedded/stm32_nixie_clock_firmware/Nixie_firmware/Middlewares/Third_Party/LwIP/src/include/netif/ppp/polarssl" -I"/home/alxhoff/git/Embedded/stm32_nixie_clock_firmware/Nixie_firmware/Middlewares/Third_Party/LwIP/src/include/posix" -I"/home/alxhoff/git/Embedded/stm32_nixie_clock_firmware/Nixie_firmware/Middlewares/Third_Party/LwIP/src/include/posix/sys" -I"/home/alxhoff/git/Embedded/stm32_nixie_clock_firmware/Nixie_firmware/Middlewares/Third_Party/LwIP/system/arch" -I"/home/alxhoff/git/Embedded/stm32_nixie_clock_firmware/Nixie_firmware/Drivers/CMSIS/Include" -I"/home/alxhoff/git/Embedded/stm32_nixie_clock_firmware/Nixie_firmware/libraries"  -Og -g3 -Wall -fmessage-length=0 -ffunction-sections -c -fmessage-length=0 -MMD -MP -MF"Drivers/STM32F4xx_HAL_Driver/Src/stm32f4xx_hal_pcd.d" -MT"Drivers/STM32F4xx_HAL_Driver/Src/stm32f4xx_hal_pcd.o" -o "Drivers/STM32F4xx_HAL_Driver/Src/stm32f4xx_hal_pcd.o" "../Drivers/STM32F4xx_HAL_Driver/Src/stm32f4xx_hal_pcd.c"
Finished building: ../Drivers/STM32F4xx_HAL_Driver/Src/stm32f4xx_hal_pcd.c
 
Building file: ../Drivers/STM32F4xx_HAL_Driver/Src/stm32f4xx_hal_pcd_ex.c
Invoking: MCU GCC Compiler
/home/alxhoff/git/Embedded/stm32_nixie_clock_firmware/Nixie_firmware/Debug
arm-none-eabi-gcc -mcpu=cortex-m4 -mthumb -mfloat-abi=hard -mfpu=fpv4-sp-d16 -D_TIMEVAL_DEFINED -D_SYS_TIME_H_ '-D__weak=__attribute__((weak))' '-D__packed="__attribute__((__packed__))"' -DUSE_HAL_DRIVER -DSTM32F429xx -DSTM32F4xx -I"/home/alxhoff/git/Embedded/stm32_nixie_clock_firmware/Nixie_firmware/Inc" -I"/home/alxhoff/git/Embedded/stm32_nixie_clock_firmware/Nixie_firmware/Middlewares/Third_Party/LwIP/src/include" -I"/home/alxhoff/git/Embedded/stm32_nixie_clock_firmware/Nixie_firmware/Middlewares/Third_Party/LwIP/system" -I"/home/alxhoff/git/Embedded/stm32_nixie_clock_firmware/Nixie_firmware/Drivers/STM32F4xx_HAL_Driver/Inc" -I"/home/alxhoff/git/Embedded/stm32_nixie_clock_firmware/Nixie_firmware/Drivers/STM32F4xx_HAL_Driver/Inc/Legacy" -I"/home/alxhoff/git/Embedded/stm32_nixie_clock_firmware/Nixie_firmware/Middlewares/Third_Party/FreeRTOS/Source/portable/GCC/ARM_CM4F" -I"/home/alxhoff/git/Embedded/stm32_nixie_clock_firmware/Nixie_firmware/Drivers/CMSIS/Device/ST/STM32F4xx/Include" -I"/home/alxhoff/git/Embedded/stm32_nixie_clock_firmware/Nixie_firmware/Middlewares/Third_Party/FreeRTOS/Source/include" -I"/home/alxhoff/git/Embedded/stm32_nixie_clock_firmware/Nixie_firmware/Middlewares/Third_Party/FreeRTOS/Source/CMSIS_RTOS" -I"/home/alxhoff/git/Embedded/stm32_nixie_clock_firmware/Nixie_firmware/Middlewares/Third_Party/LwIP/src/include/lwip" -I"/home/alxhoff/git/Embedded/stm32_nixie_clock_firmware/Nixie_firmware/Middlewares/Third_Party/LwIP/src/include/lwip/apps" -I"/home/alxhoff/git/Embedded/stm32_nixie_clock_firmware/Nixie_firmware/Middlewares/Third_Party/LwIP/src/include/lwip/priv" -I"/home/alxhoff/git/Embedded/stm32_nixie_clock_firmware/Nixie_firmware/Middlewares/Third_Party/LwIP/src/include/lwip/prot" -I"/home/alxhoff/git/Embedded/stm32_nixie_clock_firmware/Nixie_firmware/Middlewares/Third_Party/LwIP/src/include/netif" -I"/home/alxhoff/git/Embedded/stm32_nixie_clock_firmware/Nixie_firmware/Middlewares/Third_Party/LwIP/src/include/netif/ppp" -I"/home/alxhoff/git/Embedded/stm32_nixie_clock_firmware/Nixie_firmware/Middlewares/Third_Party/LwIP/src/include/netif/ppp/polarssl" -I"/home/alxhoff/git/Embedded/stm32_nixie_clock_firmware/Nixie_firmware/Middlewares/Third_Party/LwIP/src/include/posix" -I"/home/alxhoff/git/Embedded/stm32_nixie_clock_firmware/Nixie_firmware/Middlewares/Third_Party/LwIP/src/include/posix/sys" -I"/home/alxhoff/git/Embedded/stm32_nixie_clock_firmware/Nixie_firmware/Middlewares/Third_Party/LwIP/system/arch" -I"/home/alxhoff/git/Embedded/stm32_nixie_clock_firmware/Nixie_firmware/Drivers/CMSIS/Include" -I"/home/alxhoff/git/Embedded/stm32_nixie_clock_firmware/Nixie_firmware/libraries"  -Og -g3 -Wall -fmessage-length=0 -ffunction-sections -c -fmessage-length=0 -MMD -MP -MF"Drivers/STM32F4xx_HAL_Driver/Src/stm32f4xx_hal_pcd_ex.d" -MT"Drivers/STM32F4xx_HAL_Driver/Src/stm32f4xx_hal_pcd_ex.o" -o "Drivers/STM32F4xx_HAL_Driver/Src/stm32f4xx_hal_pcd_ex.o" "../Drivers/STM32F4xx_HAL_Driver/Src/stm32f4xx_hal_pcd_ex.c"
Finished building: ../Drivers/STM32F4xx_HAL_Driver/Src/stm32f4xx_hal_pcd_ex.c
 
Building file: ../Drivers/STM32F4xx_HAL_Driver/Src/stm32f4xx_hal_pwr.c
Invoking: MCU GCC Compiler
/home/alxhoff/git/Embedded/stm32_nixie_clock_firmware/Nixie_firmware/Debug
arm-none-eabi-gcc -mcpu=cortex-m4 -mthumb -mfloat-abi=hard -mfpu=fpv4-sp-d16 -D_TIMEVAL_DEFINED -D_SYS_TIME_H_ '-D__weak=__attribute__((weak))' '-D__packed="__attribute__((__packed__))"' -DUSE_HAL_DRIVER -DSTM32F429xx -DSTM32F4xx -I"/home/alxhoff/git/Embedded/stm32_nixie_clock_firmware/Nixie_firmware/Inc" -I"/home/alxhoff/git/Embedded/stm32_nixie_clock_firmware/Nixie_firmware/Middlewares/Third_Party/LwIP/src/include" -I"/home/alxhoff/git/Embedded/stm32_nixie_clock_firmware/Nixie_firmware/Middlewares/Third_Party/LwIP/system" -I"/home/alxhoff/git/Embedded/stm32_nixie_clock_firmware/Nixie_firmware/Drivers/STM32F4xx_HAL_Driver/Inc" -I"/home/alxhoff/git/Embedded/stm32_nixie_clock_firmware/Nixie_firmware/Drivers/STM32F4xx_HAL_Driver/Inc/Legacy" -I"/home/alxhoff/git/Embedded/stm32_nixie_clock_firmware/Nixie_firmware/Middlewares/Third_Party/FreeRTOS/Source/portable/GCC/ARM_CM4F" -I"/home/alxhoff/git/Embedded/stm32_nixie_clock_firmware/Nixie_firmware/Drivers/CMSIS/Device/ST/STM32F4xx/Include" -I"/home/alxhoff/git/Embedded/stm32_nixie_clock_firmware/Nixie_firmware/Middlewares/Third_Party/FreeRTOS/Source/include" -I"/home/alxhoff/git/Embedded/stm32_nixie_clock_firmware/Nixie_firmware/Middlewares/Third_Party/FreeRTOS/Source/CMSIS_RTOS" -I"/home/alxhoff/git/Embedded/stm32_nixie_clock_firmware/Nixie_firmware/Middlewares/Third_Party/LwIP/src/include/lwip" -I"/home/alxhoff/git/Embedded/stm32_nixie_clock_firmware/Nixie_firmware/Middlewares/Third_Party/LwIP/src/include/lwip/apps" -I"/home/alxhoff/git/Embedded/stm32_nixie_clock_firmware/Nixie_firmware/Middlewares/Third_Party/LwIP/src/include/lwip/priv" -I"/home/alxhoff/git/Embedded/stm32_nixie_clock_firmware/Nixie_firmware/Middlewares/Third_Party/LwIP/src/include/lwip/prot" -I"/home/alxhoff/git/Embedded/stm32_nixie_clock_firmware/Nixie_firmware/Middlewares/Third_Party/LwIP/src/include/netif" -I"/home/alxhoff/git/Embedded/stm32_nixie_clock_firmware/Nixie_firmware/Middlewares/Third_Party/LwIP/src/include/netif/ppp" -I"/home/alxhoff/git/Embedded/stm32_nixie_clock_firmware/Nixie_firmware/Middlewares/Third_Party/LwIP/src/include/netif/ppp/polarssl" -I"/home/alxhoff/git/Embedded/stm32_nixie_clock_firmware/Nixie_firmware/Middlewares/Third_Party/LwIP/src/include/posix" -I"/home/alxhoff/git/Embedded/stm32_nixie_clock_firmware/Nixie_firmware/Middlewares/Third_Party/LwIP/src/include/posix/sys" -I"/home/alxhoff/git/Embedded/stm32_nixie_clock_firmware/Nixie_firmware/Middlewares/Third_Party/LwIP/system/arch" -I"/home/alxhoff/git/Embedded/stm32_nixie_clock_firmware/Nixie_firmware/Drivers/CMSIS/Include" -I"/home/alxhoff/git/Embedded/stm32_nixie_clock_firmware/Nixie_firmware/libraries"  -Og -g3 -Wall -fmessage-length=0 -ffunction-sections -c -fmessage-length=0 -MMD -MP -MF"Drivers/STM32F4xx_HAL_Driver/Src/stm32f4xx_hal_pwr.d" -MT"Drivers/STM32F4xx_HAL_Driver/Src/stm32f4xx_hal_pwr.o" -o "Drivers/STM32F4xx_HAL_Driver/Src/stm32f4xx_hal_pwr.o" "../Drivers/STM32F4xx_HAL_Driver/Src/stm32f4xx_hal_pwr.c"
Finished building: ../Drivers/STM32F4xx_HAL_Driver/Src/stm32f4xx_hal_pwr.c
 
Building file: ../Drivers/STM32F4xx_HAL_Driver/Src/stm32f4xx_hal_pwr_ex.c
Invoking: MCU GCC Compiler
/home/alxhoff/git/Embedded/stm32_nixie_clock_firmware/Nixie_firmware/Debug
arm-none-eabi-gcc -mcpu=cortex-m4 -mthumb -mfloat-abi=hard -mfpu=fpv4-sp-d16 -D_TIMEVAL_DEFINED -D_SYS_TIME_H_ '-D__weak=__attribute__((weak))' '-D__packed="__attribute__((__packed__))"' -DUSE_HAL_DRIVER -DSTM32F429xx -DSTM32F4xx -I"/home/alxhoff/git/Embedded/stm32_nixie_clock_firmware/Nixie_firmware/Inc" -I"/home/alxhoff/git/Embedded/stm32_nixie_clock_firmware/Nixie_firmware/Middlewares/Third_Party/LwIP/src/include" -I"/home/alxhoff/git/Embedded/stm32_nixie_clock_firmware/Nixie_firmware/Middlewares/Third_Party/LwIP/system" -I"/home/alxhoff/git/Embedded/stm32_nixie_clock_firmware/Nixie_firmware/Drivers/STM32F4xx_HAL_Driver/Inc" -I"/home/alxhoff/git/Embedded/stm32_nixie_clock_firmware/Nixie_firmware/Drivers/STM32F4xx_HAL_Driver/Inc/Legacy" -I"/home/alxhoff/git/Embedded/stm32_nixie_clock_firmware/Nixie_firmware/Middlewares/Third_Party/FreeRTOS/Source/portable/GCC/ARM_CM4F" -I"/home/alxhoff/git/Embedded/stm32_nixie_clock_firmware/Nixie_firmware/Drivers/CMSIS/Device/ST/STM32F4xx/Include" -I"/home/alxhoff/git/Embedded/stm32_nixie_clock_firmware/Nixie_firmware/Middlewares/Third_Party/FreeRTOS/Source/include" -I"/home/alxhoff/git/Embedded/stm32_nixie_clock_firmware/Nixie_firmware/Middlewares/Third_Party/FreeRTOS/Source/CMSIS_RTOS" -I"/home/alxhoff/git/Embedded/stm32_nixie_clock_firmware/Nixie_firmware/Middlewares/Third_Party/LwIP/src/include/lwip" -I"/home/alxhoff/git/Embedded/stm32_nixie_clock_firmware/Nixie_firmware/Middlewares/Third_Party/LwIP/src/include/lwip/apps" -I"/home/alxhoff/git/Embedded/stm32_nixie_clock_firmware/Nixie_firmware/Middlewares/Third_Party/LwIP/src/include/lwip/priv" -I"/home/alxhoff/git/Embedded/stm32_nixie_clock_firmware/Nixie_firmware/Middlewares/Third_Party/LwIP/src/include/lwip/prot" -I"/home/alxhoff/git/Embedded/stm32_nixie_clock_firmware/Nixie_firmware/Middlewares/Third_Party/LwIP/src/include/netif" -I"/home/alxhoff/git/Embedded/stm32_nixie_clock_firmware/Nixie_firmware/Middlewares/Third_Party/LwIP/src/include/netif/ppp" -I"/home/alxhoff/git/Embedded/stm32_nixie_clock_firmware/Nixie_firmware/Middlewares/Third_Party/LwIP/src/include/netif/ppp/polarssl" -I"/home/alxhoff/git/Embedded/stm32_nixie_clock_firmware/Nixie_firmware/Middlewares/Third_Party/LwIP/src/include/posix" -I"/home/alxhoff/git/Embedded/stm32_nixie_clock_firmware/Nixie_firmware/Middlewares/Third_Party/LwIP/src/include/posix/sys" -I"/home/alxhoff/git/Embedded/stm32_nixie_clock_firmware/Nixie_firmware/Middlewares/Third_Party/LwIP/system/arch" -I"/home/alxhoff/git/Embedded/stm32_nixie_clock_firmware/Nixie_firmware/Drivers/CMSIS/Include" -I"/home/alxhoff/git/Embedded/stm32_nixie_clock_firmware/Nixie_firmware/libraries"  -Og -g3 -Wall -fmessage-length=0 -ffunction-sections -c -fmessage-length=0 -MMD -MP -MF"Drivers/STM32F4xx_HAL_Driver/Src/stm32f4xx_hal_pwr_ex.d" -MT"Drivers/STM32F4xx_HAL_Driver/Src/stm32f4xx_hal_pwr_ex.o" -o "Drivers/STM32F4xx_HAL_Driver/Src/stm32f4xx_hal_pwr_ex.o" "../Drivers/STM32F4xx_HAL_Driver/Src/stm32f4xx_hal_pwr_ex.c"
Finished building: ../Drivers/STM32F4xx_HAL_Driver/Src/stm32f4xx_hal_pwr_ex.c
 
Building file: ../Drivers/STM32F4xx_HAL_Driver/Src/stm32f4xx_hal_rcc.c
Invoking: MCU GCC Compiler
/home/alxhoff/git/Embedded/stm32_nixie_clock_firmware/Nixie_firmware/Debug
arm-none-eabi-gcc -mcpu=cortex-m4 -mthumb -mfloat-abi=hard -mfpu=fpv4-sp-d16 -D_TIMEVAL_DEFINED -D_SYS_TIME_H_ '-D__weak=__attribute__((weak))' '-D__packed="__attribute__((__packed__))"' -DUSE_HAL_DRIVER -DSTM32F429xx -DSTM32F4xx -I"/home/alxhoff/git/Embedded/stm32_nixie_clock_firmware/Nixie_firmware/Inc" -I"/home/alxhoff/git/Embedded/stm32_nixie_clock_firmware/Nixie_firmware/Middlewares/Third_Party/LwIP/src/include" -I"/home/alxhoff/git/Embedded/stm32_nixie_clock_firmware/Nixie_firmware/Middlewares/Third_Party/LwIP/system" -I"/home/alxhoff/git/Embedded/stm32_nixie_clock_firmware/Nixie_firmware/Drivers/STM32F4xx_HAL_Driver/Inc" -I"/home/alxhoff/git/Embedded/stm32_nixie_clock_firmware/Nixie_firmware/Drivers/STM32F4xx_HAL_Driver/Inc/Legacy" -I"/home/alxhoff/git/Embedded/stm32_nixie_clock_firmware/Nixie_firmware/Middlewares/Third_Party/FreeRTOS/Source/portable/GCC/ARM_CM4F" -I"/home/alxhoff/git/Embedded/stm32_nixie_clock_firmware/Nixie_firmware/Drivers/CMSIS/Device/ST/STM32F4xx/Include" -I"/home/alxhoff/git/Embedded/stm32_nixie_clock_firmware/Nixie_firmware/Middlewares/Third_Party/FreeRTOS/Source/include" -I"/home/alxhoff/git/Embedded/stm32_nixie_clock_firmware/Nixie_firmware/Middlewares/Third_Party/FreeRTOS/Source/CMSIS_RTOS" -I"/home/alxhoff/git/Embedded/stm32_nixie_clock_firmware/Nixie_firmware/Middlewares/Third_Party/LwIP/src/include/lwip" -I"/home/alxhoff/git/Embedded/stm32_nixie_clock_firmware/Nixie_firmware/Middlewares/Third_Party/LwIP/src/include/lwip/apps" -I"/home/alxhoff/git/Embedded/stm32_nixie_clock_firmware/Nixie_firmware/Middlewares/Third_Party/LwIP/src/include/lwip/priv" -I"/home/alxhoff/git/Embedded/stm32_nixie_clock_firmware/Nixie_firmware/Middlewares/Third_Party/LwIP/src/include/lwip/prot" -I"/home/alxhoff/git/Embedded/stm32_nixie_clock_firmware/Nixie_firmware/Middlewares/Third_Party/LwIP/src/include/netif" -I"/home/alxhoff/git/Embedded/stm32_nixie_clock_firmware/Nixie_firmware/Middlewares/Third_Party/LwIP/src/include/netif/ppp" -I"/home/alxhoff/git/Embedded/stm32_nixie_clock_firmware/Nixie_firmware/Middlewares/Third_Party/LwIP/src/include/netif/ppp/polarssl" -I"/home/alxhoff/git/Embedded/stm32_nixie_clock_firmware/Nixie_firmware/Middlewares/Third_Party/LwIP/src/include/posix" -I"/home/alxhoff/git/Embedded/stm32_nixie_clock_firmware/Nixie_firmware/Middlewares/Third_Party/LwIP/src/include/posix/sys" -I"/home/alxhoff/git/Embedded/stm32_nixie_clock_firmware/Nixie_firmware/Middlewares/Third_Party/LwIP/system/arch" -I"/home/alxhoff/git/Embedded/stm32_nixie_clock_firmware/Nixie_firmware/Drivers/CMSIS/Include" -I"/home/alxhoff/git/Embedded/stm32_nixie_clock_firmware/Nixie_firmware/libraries"  -Og -g3 -Wall -fmessage-length=0 -ffunction-sections -c -fmessage-length=0 -MMD -MP -MF"Drivers/STM32F4xx_HAL_Driver/Src/stm32f4xx_hal_rcc.d" -MT"Drivers/STM32F4xx_HAL_Driver/Src/stm32f4xx_hal_rcc.o" -o "Drivers/STM32F4xx_HAL_Driver/Src/stm32f4xx_hal_rcc.o" "../Drivers/STM32F4xx_HAL_Driver/Src/stm32f4xx_hal_rcc.c"
Finished building: ../Drivers/STM32F4xx_HAL_Driver/Src/stm32f4xx_hal_rcc.c
 
Building file: ../Drivers/STM32F4xx_HAL_Driver/Src/stm32f4xx_hal_rcc_ex.c
Invoking: MCU GCC Compiler
/home/alxhoff/git/Embedded/stm32_nixie_clock_firmware/Nixie_firmware/Debug
arm-none-eabi-gcc -mcpu=cortex-m4 -mthumb -mfloat-abi=hard -mfpu=fpv4-sp-d16 -D_TIMEVAL_DEFINED -D_SYS_TIME_H_ '-D__weak=__attribute__((weak))' '-D__packed="__attribute__((__packed__))"' -DUSE_HAL_DRIVER -DSTM32F429xx -DSTM32F4xx -I"/home/alxhoff/git/Embedded/stm32_nixie_clock_firmware/Nixie_firmware/Inc" -I"/home/alxhoff/git/Embedded/stm32_nixie_clock_firmware/Nixie_firmware/Middlewares/Third_Party/LwIP/src/include" -I"/home/alxhoff/git/Embedded/stm32_nixie_clock_firmware/Nixie_firmware/Middlewares/Third_Party/LwIP/system" -I"/home/alxhoff/git/Embedded/stm32_nixie_clock_firmware/Nixie_firmware/Drivers/STM32F4xx_HAL_Driver/Inc" -I"/home/alxhoff/git/Embedded/stm32_nixie_clock_firmware/Nixie_firmware/Drivers/STM32F4xx_HAL_Driver/Inc/Legacy" -I"/home/alxhoff/git/Embedded/stm32_nixie_clock_firmware/Nixie_firmware/Middlewares/Third_Party/FreeRTOS/Source/portable/GCC/ARM_CM4F" -I"/home/alxhoff/git/Embedded/stm32_nixie_clock_firmware/Nixie_firmware/Drivers/CMSIS/Device/ST/STM32F4xx/Include" -I"/home/alxhoff/git/Embedded/stm32_nixie_clock_firmware/Nixie_firmware/Middlewares/Third_Party/FreeRTOS/Source/include" -I"/home/alxhoff/git/Embedded/stm32_nixie_clock_firmware/Nixie_firmware/Middlewares/Third_Party/FreeRTOS/Source/CMSIS_RTOS" -I"/home/alxhoff/git/Embedded/stm32_nixie_clock_firmware/Nixie_firmware/Middlewares/Third_Party/LwIP/src/include/lwip" -I"/home/alxhoff/git/Embedded/stm32_nixie_clock_firmware/Nixie_firmware/Middlewares/Third_Party/LwIP/src/include/lwip/apps" -I"/home/alxhoff/git/Embedded/stm32_nixie_clock_firmware/Nixie_firmware/Middlewares/Third_Party/LwIP/src/include/lwip/priv" -I"/home/alxhoff/git/Embedded/stm32_nixie_clock_firmware/Nixie_firmware/Middlewares/Third_Party/LwIP/src/include/lwip/prot" -I"/home/alxhoff/git/Embedded/stm32_nixie_clock_firmware/Nixie_firmware/Middlewares/Third_Party/LwIP/src/include/netif" -I"/home/alxhoff/git/Embedded/stm32_nixie_clock_firmware/Nixie_firmware/Middlewares/Third_Party/LwIP/src/include/netif/ppp" -I"/home/alxhoff/git/Embedded/stm32_nixie_clock_firmware/Nixie_firmware/Middlewares/Third_Party/LwIP/src/include/netif/ppp/polarssl" -I"/home/alxhoff/git/Embedded/stm32_nixie_clock_firmware/Nixie_firmware/Middlewares/Third_Party/LwIP/src/include/posix" -I"/home/alxhoff/git/Embedded/stm32_nixie_clock_firmware/Nixie_firmware/Middlewares/Third_Party/LwIP/src/include/posix/sys" -I"/home/alxhoff/git/Embedded/stm32_nixie_clock_firmware/Nixie_firmware/Middlewares/Third_Party/LwIP/system/arch" -I"/home/alxhoff/git/Embedded/stm32_nixie_clock_firmware/Nixie_firmware/Drivers/CMSIS/Include" -I"/home/alxhoff/git/Embedded/stm32_nixie_clock_firmware/Nixie_firmware/libraries"  -Og -g3 -Wall -fmessage-length=0 -ffunction-sections -c -fmessage-length=0 -MMD -MP -MF"Drivers/STM32F4xx_HAL_Driver/Src/stm32f4xx_hal_rcc_ex.d" -MT"Drivers/STM32F4xx_HAL_Driver/Src/stm32f4xx_hal_rcc_ex.o" -o "Drivers/STM32F4xx_HAL_Driver/Src/stm32f4xx_hal_rcc_ex.o" "../Drivers/STM32F4xx_HAL_Driver/Src/stm32f4xx_hal_rcc_ex.c"
Finished building: ../Drivers/STM32F4xx_HAL_Driver/Src/stm32f4xx_hal_rcc_ex.c
 
Building file: ../Drivers/STM32F4xx_HAL_Driver/Src/stm32f4xx_hal_tim.c
Invoking: MCU GCC Compiler
/home/alxhoff/git/Embedded/stm32_nixie_clock_firmware/Nixie_firmware/Debug
arm-none-eabi-gcc -mcpu=cortex-m4 -mthumb -mfloat-abi=hard -mfpu=fpv4-sp-d16 -D_TIMEVAL_DEFINED -D_SYS_TIME_H_ '-D__weak=__attribute__((weak))' '-D__packed="__attribute__((__packed__))"' -DUSE_HAL_DRIVER -DSTM32F429xx -DSTM32F4xx -I"/home/alxhoff/git/Embedded/stm32_nixie_clock_firmware/Nixie_firmware/Inc" -I"/home/alxhoff/git/Embedded/stm32_nixie_clock_firmware/Nixie_firmware/Middlewares/Third_Party/LwIP/src/include" -I"/home/alxhoff/git/Embedded/stm32_nixie_clock_firmware/Nixie_firmware/Middlewares/Third_Party/LwIP/system" -I"/home/alxhoff/git/Embedded/stm32_nixie_clock_firmware/Nixie_firmware/Drivers/STM32F4xx_HAL_Driver/Inc" -I"/home/alxhoff/git/Embedded/stm32_nixie_clock_firmware/Nixie_firmware/Drivers/STM32F4xx_HAL_Driver/Inc/Legacy" -I"/home/alxhoff/git/Embedded/stm32_nixie_clock_firmware/Nixie_firmware/Middlewares/Third_Party/FreeRTOS/Source/portable/GCC/ARM_CM4F" -I"/home/alxhoff/git/Embedded/stm32_nixie_clock_firmware/Nixie_firmware/Drivers/CMSIS/Device/ST/STM32F4xx/Include" -I"/home/alxhoff/git/Embedded/stm32_nixie_clock_firmware/Nixie_firmware/Middlewares/Third_Party/FreeRTOS/Source/include" -I"/home/alxhoff/git/Embedded/stm32_nixie_clock_firmware/Nixie_firmware/Middlewares/Third_Party/FreeRTOS/Source/CMSIS_RTOS" -I"/home/alxhoff/git/Embedded/stm32_nixie_clock_firmware/Nixie_firmware/Middlewares/Third_Party/LwIP/src/include/lwip" -I"/home/alxhoff/git/Embedded/stm32_nixie_clock_firmware/Nixie_firmware/Middlewares/Third_Party/LwIP/src/include/lwip/apps" -I"/home/alxhoff/git/Embedded/stm32_nixie_clock_firmware/Nixie_firmware/Middlewares/Third_Party/LwIP/src/include/lwip/priv" -I"/home/alxhoff/git/Embedded/stm32_nixie_clock_firmware/Nixie_firmware/Middlewares/Third_Party/LwIP/src/include/lwip/prot" -I"/home/alxhoff/git/Embedded/stm32_nixie_clock_firmware/Nixie_firmware/Middlewares/Third_Party/LwIP/src/include/netif" -I"/home/alxhoff/git/Embedded/stm32_nixie_clock_firmware/Nixie_firmware/Middlewares/Third_Party/LwIP/src/include/netif/ppp" -I"/home/alxhoff/git/Embedded/stm32_nixie_clock_firmware/Nixie_firmware/Middlewares/Third_Party/LwIP/src/include/netif/ppp/polarssl" -I"/home/alxhoff/git/Embedded/stm32_nixie_clock_firmware/Nixie_firmware/Middlewares/Third_Party/LwIP/src/include/posix" -I"/home/alxhoff/git/Embedded/stm32_nixie_clock_firmware/Nixie_firmware/Middlewares/Third_Party/LwIP/src/include/posix/sys" -I"/home/alxhoff/git/Embedded/stm32_nixie_clock_firmware/Nixie_firmware/Middlewares/Third_Party/LwIP/system/arch" -I"/home/alxhoff/git/Embedded/stm32_nixie_clock_firmware/Nixie_firmware/Drivers/CMSIS/Include" -I"/home/alxhoff/git/Embedded/stm32_nixie_clock_firmware/Nixie_firmware/libraries"  -Og -g3 -Wall -fmessage-length=0 -ffunction-sections -c -fmessage-length=0 -MMD -MP -MF"Drivers/STM32F4xx_HAL_Driver/Src/stm32f4xx_hal_tim.d" -MT"Drivers/STM32F4xx_HAL_Driver/Src/stm32f4xx_hal_tim.o" -o "Drivers/STM32F4xx_HAL_Driver/Src/stm32f4xx_hal_tim.o" "../Drivers/STM32F4xx_HAL_Driver/Src/stm32f4xx_hal_tim.c"
Finished building: ../Drivers/STM32F4xx_HAL_Driver/Src/stm32f4xx_hal_tim.c
 
Building file: ../Drivers/STM32F4xx_HAL_Driver/Src/stm32f4xx_hal_tim_ex.c
Invoking: MCU GCC Compiler
/home/alxhoff/git/Embedded/stm32_nixie_clock_firmware/Nixie_firmware/Debug
arm-none-eabi-gcc -mcpu=cortex-m4 -mthumb -mfloat-abi=hard -mfpu=fpv4-sp-d16 -D_TIMEVAL_DEFINED -D_SYS_TIME_H_ '-D__weak=__attribute__((weak))' '-D__packed="__attribute__((__packed__))"' -DUSE_HAL_DRIVER -DSTM32F429xx -DSTM32F4xx -I"/home/alxhoff/git/Embedded/stm32_nixie_clock_firmware/Nixie_firmware/Inc" -I"/home/alxhoff/git/Embedded/stm32_nixie_clock_firmware/Nixie_firmware/Middlewares/Third_Party/LwIP/src/include" -I"/home/alxhoff/git/Embedded/stm32_nixie_clock_firmware/Nixie_firmware/Middlewares/Third_Party/LwIP/system" -I"/home/alxhoff/git/Embedded/stm32_nixie_clock_firmware/Nixie_firmware/Drivers/STM32F4xx_HAL_Driver/Inc" -I"/home/alxhoff/git/Embedded/stm32_nixie_clock_firmware/Nixie_firmware/Drivers/STM32F4xx_HAL_Driver/Inc/Legacy" -I"/home/alxhoff/git/Embedded/stm32_nixie_clock_firmware/Nixie_firmware/Middlewares/Third_Party/FreeRTOS/Source/portable/GCC/ARM_CM4F" -I"/home/alxhoff/git/Embedded/stm32_nixie_clock_firmware/Nixie_firmware/Drivers/CMSIS/Device/ST/STM32F4xx/Include" -I"/home/alxhoff/git/Embedded/stm32_nixie_clock_firmware/Nixie_firmware/Middlewares/Third_Party/FreeRTOS/Source/include" -I"/home/alxhoff/git/Embedded/stm32_nixie_clock_firmware/Nixie_firmware/Middlewares/Third_Party/FreeRTOS/Source/CMSIS_RTOS" -I"/home/alxhoff/git/Embedded/stm32_nixie_clock_firmware/Nixie_firmware/Middlewares/Third_Party/LwIP/src/include/lwip" -I"/home/alxhoff/git/Embedded/stm32_nixie_clock_firmware/Nixie_firmware/Middlewares/Third_Party/LwIP/src/include/lwip/apps" -I"/home/alxhoff/git/Embedded/stm32_nixie_clock_firmware/Nixie_firmware/Middlewares/Third_Party/LwIP/src/include/lwip/priv" -I"/home/alxhoff/git/Embedded/stm32_nixie_clock_firmware/Nixie_firmware/Middlewares/Third_Party/LwIP/src/include/lwip/prot" -I"/home/alxhoff/git/Embedded/stm32_nixie_clock_firmware/Nixie_firmware/Middlewares/Third_Party/LwIP/src/include/netif" -I"/home/alxhoff/git/Embedded/stm32_nixie_clock_firmware/Nixie_firmware/Middlewares/Third_Party/LwIP/src/include/netif/ppp" -I"/home/alxhoff/git/Embedded/stm32_nixie_clock_firmware/Nixie_firmware/Middlewares/Third_Party/LwIP/src/include/netif/ppp/polarssl" -I"/home/alxhoff/git/Embedded/stm32_nixie_clock_firmware/Nixie_firmware/Middlewares/Third_Party/LwIP/src/include/posix" -I"/home/alxhoff/git/Embedded/stm32_nixie_clock_firmware/Nixie_firmware/Middlewares/Third_Party/LwIP/src/include/posix/sys" -I"/home/alxhoff/git/Embedded/stm32_nixie_clock_firmware/Nixie_firmware/Middlewares/Third_Party/LwIP/system/arch" -I"/home/alxhoff/git/Embedded/stm32_nixie_clock_firmware/Nixie_firmware/Drivers/CMSIS/Include" -I"/home/alxhoff/git/Embedded/stm32_nixie_clock_firmware/Nixie_firmware/libraries"  -Og -g3 -Wall -fmessage-length=0 -ffunction-sections -c -fmessage-length=0 -MMD -MP -MF"Drivers/STM32F4xx_HAL_Driver/Src/stm32f4xx_hal_tim_ex.d" -MT"Drivers/STM32F4xx_HAL_Driver/Src/stm32f4xx_hal_tim_ex.o" -o "Drivers/STM32F4xx_HAL_Driver/Src/stm32f4xx_hal_tim_ex.o" "../Drivers/STM32F4xx_HAL_Driver/Src/stm32f4xx_hal_tim_ex.c"
Finished building: ../Drivers/STM32F4xx_HAL_Driver/Src/stm32f4xx_hal_tim_ex.c
 
Building file: ../Drivers/STM32F4xx_HAL_Driver/Src/stm32f4xx_hal_uart.c
Invoking: MCU GCC Compiler
/home/alxhoff/git/Embedded/stm32_nixie_clock_firmware/Nixie_firmware/Debug
arm-none-eabi-gcc -mcpu=cortex-m4 -mthumb -mfloat-abi=hard -mfpu=fpv4-sp-d16 -D_TIMEVAL_DEFINED -D_SYS_TIME_H_ '-D__weak=__attribute__((weak))' '-D__packed="__attribute__((__packed__))"' -DUSE_HAL_DRIVER -DSTM32F429xx -DSTM32F4xx -I"/home/alxhoff/git/Embedded/stm32_nixie_clock_firmware/Nixie_firmware/Inc" -I"/home/alxhoff/git/Embedded/stm32_nixie_clock_firmware/Nixie_firmware/Middlewares/Third_Party/LwIP/src/include" -I"/home/alxhoff/git/Embedded/stm32_nixie_clock_firmware/Nixie_firmware/Middlewares/Third_Party/LwIP/system" -I"/home/alxhoff/git/Embedded/stm32_nixie_clock_firmware/Nixie_firmware/Drivers/STM32F4xx_HAL_Driver/Inc" -I"/home/alxhoff/git/Embedded/stm32_nixie_clock_firmware/Nixie_firmware/Drivers/STM32F4xx_HAL_Driver/Inc/Legacy" -I"/home/alxhoff/git/Embedded/stm32_nixie_clock_firmware/Nixie_firmware/Middlewares/Third_Party/FreeRTOS/Source/portable/GCC/ARM_CM4F" -I"/home/alxhoff/git/Embedded/stm32_nixie_clock_firmware/Nixie_firmware/Drivers/CMSIS/Device/ST/STM32F4xx/Include" -I"/home/alxhoff/git/Embedded/stm32_nixie_clock_firmware/Nixie_firmware/Middlewares/Third_Party/FreeRTOS/Source/include" -I"/home/alxhoff/git/Embedded/stm32_nixie_clock_firmware/Nixie_firmware/Middlewares/Third_Party/FreeRTOS/Source/CMSIS_RTOS" -I"/home/alxhoff/git/Embedded/stm32_nixie_clock_firmware/Nixie_firmware/Middlewares/Third_Party/LwIP/src/include/lwip" -I"/home/alxhoff/git/Embedded/stm32_nixie_clock_firmware/Nixie_firmware/Middlewares/Third_Party/LwIP/src/include/lwip/apps" -I"/home/alxhoff/git/Embedded/stm32_nixie_clock_firmware/Nixie_firmware/Middlewares/Third_Party/LwIP/src/include/lwip/priv" -I"/home/alxhoff/git/Embedded/stm32_nixie_clock_firmware/Nixie_firmware/Middlewares/Third_Party/LwIP/src/include/lwip/prot" -I"/home/alxhoff/git/Embedded/stm32_nixie_clock_firmware/Nixie_firmware/Middlewares/Third_Party/LwIP/src/include/netif" -I"/home/alxhoff/git/Embedded/stm32_nixie_clock_firmware/Nixie_firmware/Middlewares/Third_Party/LwIP/src/include/netif/ppp" -I"/home/alxhoff/git/Embedded/stm32_nixie_clock_firmware/Nixie_firmware/Middlewares/Third_Party/LwIP/src/include/netif/ppp/polarssl" -I"/home/alxhoff/git/Embedded/stm32_nixie_clock_firmware/Nixie_firmware/Middlewares/Third_Party/LwIP/src/include/posix" -I"/home/alxhoff/git/Embedded/stm32_nixie_clock_firmware/Nixie_firmware/Middlewares/Third_Party/LwIP/src/include/posix/sys" -I"/home/alxhoff/git/Embedded/stm32_nixie_clock_firmware/Nixie_firmware/Middlewares/Third_Party/LwIP/system/arch" -I"/home/alxhoff/git/Embedded/stm32_nixie_clock_firmware/Nixie_firmware/Drivers/CMSIS/Include" -I"/home/alxhoff/git/Embedded/stm32_nixie_clock_firmware/Nixie_firmware/libraries"  -Og -g3 -Wall -fmessage-length=0 -ffunction-sections -c -fmessage-length=0 -MMD -MP -MF"Drivers/STM32F4xx_HAL_Driver/Src/stm32f4xx_hal_uart.d" -MT"Drivers/STM32F4xx_HAL_Driver/Src/stm32f4xx_hal_uart.o" -o "Drivers/STM32F4xx_HAL_Driver/Src/stm32f4xx_hal_uart.o" "../Drivers/STM32F4xx_HAL_Driver/Src/stm32f4xx_hal_uart.c"
Finished building: ../Drivers/STM32F4xx_HAL_Driver/Src/stm32f4xx_hal_uart.c
 
Building file: ../Drivers/STM32F4xx_HAL_Driver/Src/stm32f4xx_ll_usb.c
Invoking: MCU GCC Compiler
/home/alxhoff/git/Embedded/stm32_nixie_clock_firmware/Nixie_firmware/Debug
arm-none-eabi-gcc -mcpu=cortex-m4 -mthumb -mfloat-abi=hard -mfpu=fpv4-sp-d16 -D_TIMEVAL_DEFINED -D_SYS_TIME_H_ '-D__weak=__attribute__((weak))' '-D__packed="__attribute__((__packed__))"' -DUSE_HAL_DRIVER -DSTM32F429xx -DSTM32F4xx -I"/home/alxhoff/git/Embedded/stm32_nixie_clock_firmware/Nixie_firmware/Inc" -I"/home/alxhoff/git/Embedded/stm32_nixie_clock_firmware/Nixie_firmware/Middlewares/Third_Party/LwIP/src/include" -I"/home/alxhoff/git/Embedded/stm32_nixie_clock_firmware/Nixie_firmware/Middlewares/Third_Party/LwIP/system" -I"/home/alxhoff/git/Embedded/stm32_nixie_clock_firmware/Nixie_firmware/Drivers/STM32F4xx_HAL_Driver/Inc" -I"/home/alxhoff/git/Embedded/stm32_nixie_clock_firmware/Nixie_firmware/Drivers/STM32F4xx_HAL_Driver/Inc/Legacy" -I"/home/alxhoff/git/Embedded/stm32_nixie_clock_firmware/Nixie_firmware/Middlewares/Third_Party/FreeRTOS/Source/portable/GCC/ARM_CM4F" -I"/home/alxhoff/git/Embedded/stm32_nixie_clock_firmware/Nixie_firmware/Drivers/CMSIS/Device/ST/STM32F4xx/Include" -I"/home/alxhoff/git/Embedded/stm32_nixie_clock_firmware/Nixie_firmware/Middlewares/Third_Party/FreeRTOS/Source/include" -I"/home/alxhoff/git/Embedded/stm32_nixie_clock_firmware/Nixie_firmware/Middlewares/Third_Party/FreeRTOS/Source/CMSIS_RTOS" -I"/home/alxhoff/git/Embedded/stm32_nixie_clock_firmware/Nixie_firmware/Middlewares/Third_Party/LwIP/src/include/lwip" -I"/home/alxhoff/git/Embedded/stm32_nixie_clock_firmware/Nixie_firmware/Middlewares/Third_Party/LwIP/src/include/lwip/apps" -I"/home/alxhoff/git/Embedded/stm32_nixie_clock_firmware/Nixie_firmware/Middlewares/Third_Party/LwIP/src/include/lwip/priv" -I"/home/alxhoff/git/Embedded/stm32_nixie_clock_firmware/Nixie_firmware/Middlewares/Third_Party/LwIP/src/include/lwip/prot" -I"/home/alxhoff/git/Embedded/stm32_nixie_clock_firmware/Nixie_firmware/Middlewares/Third_Party/LwIP/src/include/netif" -I"/home/alxhoff/git/Embedded/stm32_nixie_clock_firmware/Nixie_firmware/Middlewares/Third_Party/LwIP/src/include/netif/ppp" -I"/home/alxhoff/git/Embedded/stm32_nixie_clock_firmware/Nixie_firmware/Middlewares/Third_Party/LwIP/src/include/netif/ppp/polarssl" -I"/home/alxhoff/git/Embedded/stm32_nixie_clock_firmware/Nixie_firmware/Middlewares/Third_Party/LwIP/src/include/posix" -I"/home/alxhoff/git/Embedded/stm32_nixie_clock_firmware/Nixie_firmware/Middlewares/Third_Party/LwIP/src/include/posix/sys" -I"/home/alxhoff/git/Embedded/stm32_nixie_clock_firmware/Nixie_firmware/Middlewares/Third_Party/LwIP/system/arch" -I"/home/alxhoff/git/Embedded/stm32_nixie_clock_firmware/Nixie_firmware/Drivers/CMSIS/Include" -I"/home/alxhoff/git/Embedded/stm32_nixie_clock_firmware/Nixie_firmware/libraries"  -Og -g3 -Wall -fmessage-length=0 -ffunction-sections -c -fmessage-length=0 -MMD -MP -MF"Drivers/STM32F4xx_HAL_Driver/Src/stm32f4xx_ll_usb.d" -MT"Drivers/STM32F4xx_HAL_Driver/Src/stm32f4xx_ll_usb.o" -o "Drivers/STM32F4xx_HAL_Driver/Src/stm32f4xx_ll_usb.o" "../Drivers/STM32F4xx_HAL_Driver/Src/stm32f4xx_ll_usb.c"
Finished building: ../Drivers/STM32F4xx_HAL_Driver/Src/stm32f4xx_ll_usb.c
 
Building target: Nixie_firmware.elf
Invoking: MCU GCC Linker
arm-none-eabi-gcc -mcpu=cortex-m4 -mthumb -mfloat-abi=hard -mfpu=fpv4-sp-d16 -specs=nosys.specs -specs=nano.specs -u _printf_float -T"../STM32F429ZITx_FLASH.ld" -Wl,-Map=output.map -Wl,--gc-sections -o "Nixie_firmware.elf" @"objects.list"   -lm
Finished building target: Nixie_firmware.elf
 
make --no-print-directory post-build
Generating binary and Printing size information:
arm-none-eabi-objcopy -O binary "Nixie_firmware.elf" "Nixie_firmware.bin"
arm-none-eabi-size "Nixie_firmware.elf"
   text	   data	    bss	    dec	    hex	filename
  77852	  16404	  46972	 141228	  227ac	Nixie_firmware.elf
 

14:51:10 Build Finished (took 5s.945ms)

